{"L":"INFO","T":"2025-10-28T22:08:45.681+0800","C":"comsumer/main.go:64","M":"v2","v value":"恭喜16打卡成功"}
{"L":"INFO","T":"2025-10-28T22:08:45.681+0800","C":"comsumer/main.go:55","M":"v1","v value":"恭喜16打卡成功"}
{"L":"INFO","T":"2025-10-28T22:08:45.681+0800","C":"comsumer/main.go:73","M":"v3","v value":"恭喜16打卡成功"}
{"L":"INFO","T":"2025-10-28T22:24:23.299+0800","C":"comsumer/main.go:98","M":"message","topic":"topic_user_checkin","partition":0,"offset":22,"value":"恭喜16打卡成功"}
{"L":"INFO","T":"2025-10-28T22:24:23.360+0800","C":"comsumer/main.go:98","M":"message","topic":"topic_user_checkin","partition":0,"offset":23,"value":"恭喜16打卡成功"}
{"L":"INFO","T":"2025-10-28T22:24:23.360+0800","C":"comsumer/main.go:98","M":"message","topic":"topic_user_checkin","partition":0,"offset":24,"value":"恭喜16打卡成功"}
{"L":"INFO","T":"2025-10-28T22:24:23.360+0800","C":"comsumer/main.go:51","M":"v1","v value":"恭喜16打卡成功"}
{"L":"INFO","T":"2025-10-28T22:24:23.360+0800","C":"comsumer/main.go:59","M":"v2","v value":"恭喜16打卡成功"}
{"L":"INFO","T":"2025-10-28T22:24:23.360+0800","C":"comsumer/main.go:67","M":"v3","v value":"恭喜16打卡成功"}
{"L":"INFO","T":"2025-10-29T20:10:08.613+0800","C":"comsumer/main.go:98","M":"message","topic":"topic_user_checkin","partition":0,"offset":0,"value":"{\"uid\":16,\"cid\":19,\"timestamp\":1761739770,\"msg\":\"恭喜16打卡19成功\"}"}
{"L":"INFO","T":"2025-10-29T20:10:08.669+0800","C":"comsumer/main.go:98","M":"message","topic":"topic_user_checkin","partition":0,"offset":1,"value":"{\"uid\":16,\"cid\":19,\"timestamp\":1761739770,\"msg\":\"恭喜16打卡19成功\"}"}
{"L":"INFO","T":"2025-10-29T20:10:08.669+0800","C":"comsumer/main.go:59","M":"v2","v value":"{\"uid\":16,\"cid\":19,\"timestamp\":1761739770,\"msg\":\"恭喜16打卡19成功\"}"}
{"L":"INFO","T":"2025-10-29T20:10:08.669+0800","C":"comsumer/main.go:98","M":"message","topic":"topic_user_checkin","partition":0,"offset":2,"value":"{\"uid\":16,\"cid\":19,\"timestamp\":1761739770,\"msg\":\"恭喜16打卡19成功\"}"}
{"L":"INFO","T":"2025-10-29T20:10:08.669+0800","C":"comsumer/main.go:98","M":"message","topic":"topic_user_checkin","partition":0,"offset":3,"value":"{\"uid\":16,\"cid\":19,\"timestamp\":1761739770,\"msg\":\"恭喜16打卡19成功\"}"}
{"L":"INFO","T":"2025-10-29T20:10:08.669+0800","C":"comsumer/main.go:98","M":"message","topic":"topic_user_checkin","partition":0,"offset":4,"value":"{\"uid\":16,\"cid\":19,\"timestamp\":1761739770,\"msg\":\"恭喜16打卡19成功\"}"}
{"L":"INFO","T":"2025-10-29T20:10:08.669+0800","C":"comsumer/main.go:98","M":"message","topic":"topic_user_checkin","partition":0,"offset":5,"value":"{\"uid\":16,\"cid\":19,\"timestamp\":1761739770,\"msg\":\"恭喜16打卡19成功\"}"}
{"L":"INFO","T":"2025-10-29T20:10:08.669+0800","C":"comsumer/main.go:67","M":"v3","v value":"{\"uid\":16,\"cid\":19,\"timestamp\":1761739770,\"msg\":\"恭喜16打卡19成功\"}"}
{"L":"INFO","T":"2025-10-29T20:10:08.669+0800","C":"comsumer/main.go:51","M":"v1","v value":"{\"uid\":16,\"cid\":19,\"timestamp\":1761739770,\"msg\":\"恭喜16打卡19成功\"}"}
{"L":"INFO","T":"2025-10-29T20:10:08.669+0800","C":"comsumer/main.go:51","M":"v1","v value":"{\"uid\":16,\"cid\":19,\"timestamp\":1761739770,\"msg\":\"恭喜16打卡19成功\"}"}
{"L":"INFO","T":"2025-10-29T20:10:08.669+0800","C":"comsumer/main.go:67","M":"v3","v value":"{\"uid\":16,\"cid\":19,\"timestamp\":1761739770,\"msg\":\"恭喜16打卡19成功\"}"}
{"L":"INFO","T":"2025-10-29T20:10:08.669+0800","C":"comsumer/main.go:98","M":"message","topic":"topic_user_checkin","partition":0,"offset":6,"value":"{\"uid\":16,\"cid\":19,\"timestamp\":1761739770,\"msg\":\"恭喜16打卡19成功\"}"}
{"L":"INFO","T":"2025-10-29T20:10:08.669+0800","C":"comsumer/main.go:59","M":"v2","v value":"{\"uid\":16,\"cid\":19,\"timestamp\":1761739770,\"msg\":\"恭喜16打卡19成功\"}"}
{"L":"INFO","T":"2025-10-29T20:10:08.669+0800","C":"comsumer/main.go:98","M":"message","topic":"topic_user_checkin","partition":0,"offset":7,"value":"{\"uid\":16,\"cid\":19,\"timestamp\":1761739770,\"msg\":\"恭喜16打卡19成功\"}"}
{"L":"INFO","T":"2025-10-29T20:10:08.670+0800","C":"comsumer/main.go:98","M":"message","topic":"topic_user_checkin","partition":0,"offset":8,"value":"{\"uid\":16,\"cid\":19,\"timestamp\":1761739770,\"msg\":\"恭喜16打卡19成功\"}"}
{"L":"INFO","T":"2025-10-29T20:10:08.670+0800","C":"comsumer/main.go:98","M":"message","topic":"topic_user_checkin","partition":0,"offset":9,"value":"{\"uid\":16,\"cid\":19,\"timestamp\":1761739770,\"msg\":\"恭喜16打卡19成功\"}"}
{"L":"INFO","T":"2025-10-29T20:10:08.670+0800","C":"comsumer/main.go:59","M":"v2","v value":"{\"uid\":16,\"cid\":19,\"timestamp\":1761739770,\"msg\":\"恭喜16打卡19成功\"}"}
{"L":"INFO","T":"2025-10-29T20:10:08.670+0800","C":"comsumer/main.go:59","M":"v2","v value":"{\"uid\":16,\"cid\":19,\"timestamp\":1761739770,\"msg\":\"恭喜16打卡19成功\"}"}
{"L":"INFO","T":"2025-10-29T20:10:08.669+0800","C":"comsumer/main.go:51","M":"v1","v value":"{\"uid\":16,\"cid\":19,\"timestamp\":1761739770,\"msg\":\"恭喜16打卡19成功\"}"}
{"L":"INFO","T":"2025-10-29T20:10:08.670+0800","C":"comsumer/main.go:67","M":"v3","v value":"{\"uid\":16,\"cid\":19,\"timestamp\":1761739770,\"msg\":\"恭喜16打卡19成功\"}"}
{"L":"INFO","T":"2025-10-29T20:34:25.210+0800","C":"comsumer/main.go:101","M":"message","topic":"topic_user_checkin","partition":0,"offset":10,"value":"{\"uid\":16,\"cid\":19,\"timestamp\":1761741250,\"msg\":\"恭喜16打卡19成功\"}"}
{"L":"INFO","T":"2025-10-29T20:34:25.263+0800","C":"comsumer/main.go:101","M":"message","topic":"topic_user_checkin","partition":0,"offset":11,"value":"{\"uid\":16,\"cid\":19,\"timestamp\":1761741250,\"msg\":\"恭喜16打卡19成功\"}"}
{"L":"INFO","T":"2025-10-29T20:34:25.263+0800","C":"comsumer/main.go:101","M":"message","topic":"topic_user_checkin","partition":0,"offset":12,"value":"{\"uid\":16,\"cid\":19,\"timestamp\":1761741250,\"msg\":\"恭喜16打卡19成功\"}"}
{"L":"INFO","T":"2025-10-29T20:34:25.263+0800","C":"comsumer/main.go:101","M":"message","topic":"topic_user_checkin","partition":0,"offset":13,"value":"{\"uid\":16,\"cid\":19,\"timestamp\":1761741250,\"msg\":\"恭喜16打卡19成功\"}"}
{"L":"INFO","T":"2025-10-29T20:34:25.263+0800","C":"comsumer/main.go:101","M":"message","topic":"topic_user_checkin","partition":0,"offset":14,"value":"{\"uid\":16,\"cid\":19,\"timestamp\":1761741250,\"msg\":\"恭喜16打卡19成功\"}"}
{"L":"INFO","T":"2025-10-29T20:34:25.263+0800","C":"comsumer/main.go:101","M":"message","topic":"topic_user_checkin","partition":0,"offset":15,"value":"{\"uid\":16,\"cid\":19,\"timestamp\":1761741250,\"msg\":\"恭喜16打卡19成功\"}"}
{"L":"INFO","T":"2025-10-29T20:34:25.263+0800","C":"comsumer/main.go:101","M":"message","topic":"topic_user_checkin","partition":0,"offset":16,"value":"{\"uid\":16,\"cid\":19,\"timestamp\":1761741250,\"msg\":\"恭喜16打卡19成功\"}"}
{"L":"INFO","T":"2025-10-29T20:34:25.263+0800","C":"comsumer/main.go:101","M":"message","topic":"topic_user_checkin","partition":0,"offset":17,"value":"{\"uid\":16,\"cid\":19,\"timestamp\":1761741250,\"msg\":\"恭喜16打卡19成功\"}"}
{"L":"INFO","T":"2025-10-29T20:34:25.263+0800","C":"comsumer/main.go:101","M":"message","topic":"topic_user_checkin","partition":0,"offset":18,"value":"{\"uid\":16,\"cid\":19,\"timestamp\":1761741250,\"msg\":\"恭喜16打卡19成功\"}"}
{"L":"INFO","T":"2025-10-29T20:34:25.263+0800","C":"comsumer/main.go:101","M":"message","topic":"topic_user_checkin","partition":0,"offset":19,"value":"{\"uid\":16,\"cid\":19,\"timestamp\":1761741250,\"msg\":\"恭喜16打卡19成功\"}"}
{"L":"INFO","T":"2025-10-29T20:34:25.263+0800","C":"comsumer/main.go:60","M":"v2","v value":"{\"uid\":16,\"cid\":19,\"timestamp\":1761741250,\"msg\":\"恭喜16打卡19成功\"}"}
{"L":"INFO","T":"2025-10-29T20:34:25.263+0800","C":"comsumer/main.go:60","M":"v2","v value":"{\"uid\":16,\"cid\":19,\"timestamp\":1761741250,\"msg\":\"恭喜16打卡19成功\"}"}
{"L":"INFO","T":"2025-10-29T20:34:25.263+0800","C":"comsumer/main.go:60","M":"v2","v value":"{\"uid\":16,\"cid\":19,\"timestamp\":1761741250,\"msg\":\"恭喜16打卡19成功\"}"}
{"L":"INFO","T":"2025-10-29T20:34:25.263+0800","C":"comsumer/main.go:51","M":"v1","v value":"{\"uid\":16,\"cid\":19,\"timestamp\":1761741250,\"msg\":\"恭喜16打卡19成功\"}"}
{"L":"INFO","T":"2025-10-29T20:34:25.263+0800","C":"comsumer/main.go:51","M":"v1","v value":"{\"uid\":16,\"cid\":19,\"timestamp\":1761741250,\"msg\":\"恭喜16打卡19成功\"}"}
{"L":"INFO","T":"2025-10-29T20:34:25.263+0800","C":"comsumer/main.go:51","M":"v1","v value":"{\"uid\":16,\"cid\":19,\"timestamp\":1761741250,\"msg\":\"恭喜16打卡19成功\"}"}
{"L":"INFO","T":"2025-10-29T20:34:25.263+0800","C":"comsumer/main.go:51","M":"v1","v value":"{\"uid\":16,\"cid\":19,\"timestamp\":1761741250,\"msg\":\"恭喜16打卡19成功\"}"}
{"L":"INFO","T":"2025-10-29T20:34:25.263+0800","C":"comsumer/main.go:51","M":"v1","v value":"{\"uid\":16,\"cid\":19,\"timestamp\":1761741250,\"msg\":\"恭喜16打卡19成功\"}"}
{"L":"INFO","T":"2025-10-29T20:34:25.263+0800","C":"comsumer/main.go:68","M":"v3","v value":"{\"uid\":16,\"cid\":19,\"timestamp\":1761741250,\"msg\":\"恭喜16打卡19成功\"}"}
{"L":"INFO","T":"2025-10-29T20:34:25.263+0800","C":"comsumer/main.go:60","M":"v2","v value":"{\"uid\":16,\"cid\":19,\"timestamp\":1761741250,\"msg\":\"恭喜16打卡19成功\"}"}
{"L":"INFO","T":"2025-10-29T21:27:37.330+0800","C":"comsumer/main.go:110","M":"message","topic":"topic_user_checkin","partition":0,"offset":20,"value":"{\"uid\":16,\"cid\":19,\"timestamp\":1761744440,\"msg\":\"恭喜16打卡19成功\"}"}
{"L":"INFO","T":"2025-10-29T21:27:37.395+0800","C":"comsumer/main.go:110","M":"message","topic":"topic_user_checkin","partition":0,"offset":21,"value":"{\"uid\":16,\"cid\":19,\"timestamp\":1761744440,\"msg\":\"恭喜16打卡19成功\"}"}
{"L":"INFO","T":"2025-10-29T21:27:37.395+0800","C":"comsumer/main.go:110","M":"message","topic":"topic_user_checkin","partition":0,"offset":22,"value":"{\"uid\":16,\"cid\":19,\"timestamp\":1761744440,\"msg\":\"恭喜16打卡19成功\"}"}
{"L":"INFO","T":"2025-10-29T21:27:37.395+0800","C":"comsumer/main.go:72","M":"v3","v value":"{\"uid\":16,\"cid\":19,\"timestamp\":1761744440,\"msg\":\"恭喜16打卡19成功\"}"}
{"L":"INFO","T":"2025-10-29T21:27:37.395+0800","C":"comsumer/main.go:55","M":"v1","v value":"{\"uid\":16,\"cid\":19,\"timestamp\":1761744440,\"msg\":\"恭喜16打卡19成功\"}"}
{"L":"INFO","T":"2025-10-29T21:27:37.395+0800","C":"comsumer/main.go:64","M":"v2","v value":"{\"uid\":16,\"cid\":19,\"timestamp\":1761744440,\"msg\":\"恭喜16打卡19成功\"}"}
{"L":"INFO","T":"2025-10-29T21:27:37.395+0800","C":"comsumer/main.go:110","M":"message","topic":"topic_user_checkin","partition":0,"offset":23,"value":"{\"uid\":16,\"cid\":19,\"timestamp\":1761744440,\"msg\":\"恭喜16打卡19成功\"}"}
{"L":"INFO","T":"2025-10-29T21:27:37.395+0800","C":"comsumer/main.go:110","M":"message","topic":"topic_user_checkin","partition":0,"offset":24,"value":"{\"uid\":16,\"cid\":19,\"timestamp\":1761744440,\"msg\":\"恭喜16打卡19成功\"}"}
{"L":"INFO","T":"2025-10-29T21:27:37.395+0800","C":"comsumer/main.go:110","M":"message","topic":"topic_user_checkin","partition":0,"offset":25,"value":"{\"uid\":16,\"cid\":19,\"timestamp\":1761744440,\"msg\":\"恭喜16打卡19成功\"}"}
{"L":"INFO","T":"2025-10-29T21:27:37.395+0800","C":"comsumer/main.go:110","M":"message","topic":"topic_user_checkin","partition":0,"offset":26,"value":"{\"uid\":16,\"cid\":19,\"timestamp\":1761744440,\"msg\":\"恭喜16打卡19成功\"}"}
{"L":"INFO","T":"2025-10-29T21:27:37.395+0800","C":"comsumer/main.go:110","M":"message","topic":"topic_user_checkin","partition":0,"offset":27,"value":"{\"uid\":16,\"cid\":19,\"timestamp\":1761744440,\"msg\":\"恭喜16打卡19成功\"}"}
{"L":"INFO","T":"2025-10-29T21:27:37.395+0800","C":"comsumer/main.go:110","M":"message","topic":"topic_user_checkin","partition":0,"offset":28,"value":"{\"uid\":16,\"cid\":19,\"timestamp\":1761744440,\"msg\":\"恭喜16打卡19成功\"}"}
{"L":"INFO","T":"2025-10-29T21:27:37.395+0800","C":"comsumer/main.go:55","M":"v1","v value":"{\"uid\":16,\"cid\":19,\"timestamp\":1761744440,\"msg\":\"恭喜16打卡19成功\"}"}
{"L":"INFO","T":"2025-10-29T21:27:37.395+0800","C":"comsumer/main.go:55","M":"v1","v value":"{\"uid\":16,\"cid\":19,\"timestamp\":1761744440,\"msg\":\"恭喜16打卡19成功\"}"}
{"L":"INFO","T":"2025-10-29T21:27:37.395+0800","C":"comsumer/main.go:55","M":"v1","v value":"{\"uid\":16,\"cid\":19,\"timestamp\":1761744440,\"msg\":\"恭喜16打卡19成功\"}"}
{"L":"INFO","T":"2025-10-29T21:27:37.395+0800","C":"comsumer/main.go:55","M":"v1","v value":"{\"uid\":16,\"cid\":19,\"timestamp\":1761744440,\"msg\":\"恭喜16打卡19成功\"}"}
{"L":"INFO","T":"2025-10-29T21:27:37.395+0800","C":"comsumer/main.go:72","M":"v3","v value":"{\"uid\":16,\"cid\":19,\"timestamp\":1761744440,\"msg\":\"恭喜16打卡19成功\"}"}
{"L":"INFO","T":"2025-10-29T21:27:37.395+0800","C":"comsumer/main.go:64","M":"v2","v value":"{\"uid\":16,\"cid\":19,\"timestamp\":1761744440,\"msg\":\"恭喜16打卡19成功\"}"}
{"L":"INFO","T":"2025-10-29T21:27:37.395+0800","C":"comsumer/main.go:110","M":"message","topic":"topic_user_checkin","partition":0,"offset":29,"value":"{\"uid\":16,\"cid\":19,\"timestamp\":1761744440,\"msg\":\"恭喜16打卡19成功\"}"}
{"L":"INFO","T":"2025-10-29T21:27:37.396+0800","C":"comsumer/main.go:55","M":"v1","v value":"{\"uid\":16,\"cid\":19,\"timestamp\":1761744440,\"msg\":\"恭喜16打卡19成功\"}"}
{"L":"INFO","T":"2025-10-29T21:43:00.638+0800","C":"comsumer/main.go:110","M":"message","topic":"topic_user_checkin","partition":0,"offset":30,"value":"{\"uid\":16,\"cid\":19,\"timestamp\":1761745367,\"msg\":\"恭喜16打卡19成功\"}"}
{"L":"INFO","T":"2025-10-29T21:43:00.697+0800","C":"comsumer/main.go:110","M":"message","topic":"topic_user_checkin","partition":0,"offset":31,"value":"{\"uid\":16,\"cid\":19,\"timestamp\":1761745367,\"msg\":\"恭喜16打卡19成功\"}"}
{"L":"INFO","T":"2025-10-29T21:43:00.697+0800","C":"comsumer/main.go:110","M":"message","topic":"topic_user_checkin","partition":0,"offset":32,"value":"{\"uid\":16,\"cid\":19,\"timestamp\":1761745367,\"msg\":\"恭喜16打卡19成功\"}"}
{"L":"INFO","T":"2025-10-29T21:43:00.698+0800","C":"comsumer/main.go:110","M":"message","topic":"topic_user_checkin","partition":0,"offset":33,"value":"{\"uid\":16,\"cid\":19,\"timestamp\":1761745367,\"msg\":\"恭喜16打卡19成功\"}"}
{"L":"INFO","T":"2025-10-29T21:43:00.698+0800","C":"comsumer/main.go:110","M":"message","topic":"topic_user_checkin","partition":0,"offset":34,"value":"{\"uid\":16,\"cid\":19,\"timestamp\":1761745367,\"msg\":\"恭喜16打卡19成功\"}"}
{"L":"INFO","T":"2025-10-29T21:43:00.698+0800","C":"comsumer/main.go:110","M":"message","topic":"topic_user_checkin","partition":0,"offset":35,"value":"{\"uid\":16,\"cid\":19,\"timestamp\":1761745367,\"msg\":\"恭喜16打卡19成功\"}"}
{"L":"INFO","T":"2025-10-29T21:43:00.697+0800","C":"comsumer/main.go:55","M":"v1","v value":"{\"uid\":16,\"cid\":19,\"timestamp\":1761745367,\"msg\":\"恭喜16打卡19成功\"}"}
{"L":"INFO","T":"2025-10-29T21:43:00.698+0800","C":"comsumer/main.go:110","M":"message","topic":"topic_user_checkin","partition":0,"offset":36,"value":"{\"uid\":16,\"cid\":19,\"timestamp\":1761745367,\"msg\":\"恭喜16打卡19成功\"}"}
{"L":"INFO","T":"2025-10-29T21:43:00.698+0800","C":"comsumer/main.go:110","M":"message","topic":"topic_user_checkin","partition":0,"offset":37,"value":"{\"uid\":16,\"cid\":19,\"timestamp\":1761745367,\"msg\":\"恭喜16打卡19成功\"}"}
{"L":"INFO","T":"2025-10-29T21:43:00.698+0800","C":"comsumer/main.go:72","M":"v3","v value":"{\"uid\":16,\"cid\":19,\"timestamp\":1761745367,\"msg\":\"恭喜16打卡19成功\"}"}
{"L":"INFO","T":"2025-10-29T21:43:00.698+0800","C":"comsumer/main.go:72","M":"v3","v value":"{\"uid\":16,\"cid\":19,\"timestamp\":1761745367,\"msg\":\"恭喜16打卡19成功\"}"}
{"L":"INFO","T":"2025-10-29T21:43:00.698+0800","C":"comsumer/main.go:72","M":"v3","v value":"{\"uid\":16,\"cid\":19,\"timestamp\":1761745367,\"msg\":\"恭喜16打卡19成功\"}"}
{"L":"INFO","T":"2025-10-29T21:43:00.698+0800","C":"comsumer/main.go:72","M":"v3","v value":"{\"uid\":16,\"cid\":19,\"timestamp\":1761745367,\"msg\":\"恭喜16打卡19成功\"}"}
{"L":"INFO","T":"2025-10-29T21:43:00.698+0800","C":"comsumer/main.go:72","M":"v3","v value":"{\"uid\":16,\"cid\":19,\"timestamp\":1761745367,\"msg\":\"恭喜16打卡19成功\"}"}
{"L":"INFO","T":"2025-10-29T21:43:00.698+0800","C":"comsumer/main.go:55","M":"v1","v value":"{\"uid\":16,\"cid\":19,\"timestamp\":1761745367,\"msg\":\"恭喜16打卡19成功\"}"}
{"L":"INFO","T":"2025-10-29T21:43:00.698+0800","C":"comsumer/main.go:110","M":"message","topic":"topic_user_checkin","partition":0,"offset":38,"value":"{\"uid\":16,\"cid\":19,\"timestamp\":1761745367,\"msg\":\"恭喜16打卡19成功\"}"}
{"L":"INFO","T":"2025-10-29T21:43:00.698+0800","C":"comsumer/main.go:110","M":"message","topic":"topic_user_checkin","partition":0,"offset":39,"value":"{\"uid\":16,\"cid\":19,\"timestamp\":1761745367,\"msg\":\"恭喜16打卡19成功\"}"}
{"L":"INFO","T":"2025-10-29T21:43:00.698+0800","C":"comsumer/main.go:64","M":"v2","v value":"{\"uid\":16,\"cid\":19,\"timestamp\":1761745367,\"msg\":\"恭喜16打卡19成功\"}"}
{"L":"INFO","T":"2025-10-29T21:43:00.698+0800","C":"comsumer/main.go:55","M":"v1","v value":"{\"uid\":16,\"cid\":19,\"timestamp\":1761745367,\"msg\":\"恭喜16打卡19成功\"}"}
{"L":"INFO","T":"2025-10-29T21:43:00.698+0800","C":"comsumer/main.go:72","M":"v3","v value":"{\"uid\":16,\"cid\":19,\"timestamp\":1761745367,\"msg\":\"恭喜16打卡19成功\"}"}
{"L":"INFO","T":"2025-10-29T21:45:00.368+0800","C":"comsumer/main.go:110","M":"message","topic":"topic_user_checkin","partition":0,"offset":40,"value":"{\"uid\":16,\"cid\":19,\"timestamp\":1761745463,\"msg\":\"恭喜16打卡19成功\"}"}
{"L":"INFO","T":"2025-10-29T21:45:00.381+0800","C":"comsumer/main.go:110","M":"message","topic":"topic_user_checkin","partition":0,"offset":41,"value":"{\"uid\":16,\"cid\":19,\"timestamp\":1761745463,\"msg\":\"恭喜16打卡19成功\"}"}
{"L":"INFO","T":"2025-10-29T21:45:00.381+0800","C":"comsumer/main.go:110","M":"message","topic":"topic_user_checkin","partition":0,"offset":42,"value":"{\"uid\":16,\"cid\":19,\"timestamp\":1761745463,\"msg\":\"恭喜16打卡19成功\"}"}
{"L":"INFO","T":"2025-10-29T21:45:00.381+0800","C":"comsumer/main.go:55","M":"v1","v value":"{\"uid\":16,\"cid\":19,\"timestamp\":1761745463,\"msg\":\"恭喜16打卡19成功\"}"}
{"L":"INFO","T":"2025-10-29T21:45:00.381+0800","C":"comsumer/main.go:64","M":"v2","v value":"{\"uid\":16,\"cid\":19,\"timestamp\":1761745463,\"msg\":\"恭喜16打卡19成功\"}"}
{"L":"INFO","T":"2025-10-29T21:45:00.381+0800","C":"comsumer/main.go:110","M":"message","topic":"topic_user_checkin","partition":0,"offset":43,"value":"{\"uid\":16,\"cid\":19,\"timestamp\":1761745463,\"msg\":\"恭喜16打卡19成功\"}"}
{"L":"INFO","T":"2025-10-29T21:45:00.382+0800","C":"comsumer/main.go:110","M":"message","topic":"topic_user_checkin","partition":0,"offset":44,"value":"{\"uid\":16,\"cid\":19,\"timestamp\":1761745463,\"msg\":\"恭喜16打卡19成功\"}"}
{"L":"INFO","T":"2025-10-29T21:45:00.382+0800","C":"comsumer/main.go:110","M":"message","topic":"topic_user_checkin","partition":0,"offset":45,"value":"{\"uid\":16,\"cid\":19,\"timestamp\":1761745463,\"msg\":\"恭喜16打卡19成功\"}"}
{"L":"INFO","T":"2025-10-29T21:45:00.381+0800","C":"comsumer/main.go:72","M":"v3","v value":"{\"uid\":16,\"cid\":19,\"timestamp\":1761745463,\"msg\":\"恭喜16打卡19成功\"}"}
{"L":"INFO","T":"2025-10-29T21:45:00.382+0800","C":"comsumer/main.go:55","M":"v1","v value":"{\"uid\":16,\"cid\":19,\"timestamp\":1761745463,\"msg\":\"恭喜16打卡19成功\"}"}
{"L":"INFO","T":"2025-10-29T21:45:00.382+0800","C":"comsumer/main.go:64","M":"v2","v value":"{\"uid\":16,\"cid\":19,\"timestamp\":1761745463,\"msg\":\"恭喜16打卡19成功\"}"}
{"L":"INFO","T":"2025-10-29T21:45:00.382+0800","C":"comsumer/main.go:110","M":"message","topic":"topic_user_checkin","partition":0,"offset":46,"value":"{\"uid\":16,\"cid\":19,\"timestamp\":1761745463,\"msg\":\"恭喜16打卡19成功\"}"}
{"L":"INFO","T":"2025-10-29T21:45:00.382+0800","C":"comsumer/main.go:72","M":"v3","v value":"{\"uid\":16,\"cid\":19,\"timestamp\":1761745463,\"msg\":\"恭喜16打卡19成功\"}"}
{"L":"INFO","T":"2025-10-29T21:45:00.383+0800","C":"comsumer/main.go:110","M":"message","topic":"topic_user_checkin","partition":0,"offset":47,"value":"{\"uid\":16,\"cid\":19,\"timestamp\":1761745463,\"msg\":\"恭喜16打卡19成功\"}"}
{"L":"INFO","T":"2025-10-29T21:45:00.383+0800","C":"comsumer/main.go:110","M":"message","topic":"topic_user_checkin","partition":0,"offset":48,"value":"{\"uid\":16,\"cid\":19,\"timestamp\":1761745463,\"msg\":\"恭喜16打卡19成功\"}"}
{"L":"INFO","T":"2025-10-29T21:45:00.383+0800","C":"comsumer/main.go:55","M":"v1","v value":"{\"uid\":16,\"cid\":19,\"timestamp\":1761745463,\"msg\":\"恭喜16打卡19成功\"}"}
{"L":"INFO","T":"2025-10-29T21:45:00.383+0800","C":"comsumer/main.go:64","M":"v2","v value":"{\"uid\":16,\"cid\":19,\"timestamp\":1761745463,\"msg\":\"恭喜16打卡19成功\"}"}
{"L":"INFO","T":"2025-10-29T21:45:00.383+0800","C":"comsumer/main.go:110","M":"message","topic":"topic_user_checkin","partition":0,"offset":49,"value":"{\"uid\":16,\"cid\":19,\"timestamp\":1761745463,\"msg\":\"恭喜16打卡19成功\"}"}
{"L":"INFO","T":"2025-10-29T21:45:00.383+0800","C":"comsumer/main.go:55","M":"v1","v value":"{\"uid\":16,\"cid\":19,\"timestamp\":1761745463,\"msg\":\"恭喜16打卡19成功\"}"}
{"L":"INFO","T":"2025-10-29T21:45:00.383+0800","C":"comsumer/main.go:72","M":"v3","v value":"{\"uid\":16,\"cid\":19,\"timestamp\":1761745463,\"msg\":\"恭喜16打卡19成功\"}"}
{"L":"INFO","T":"2025-10-29T21:48:30.397+0800","C":"comsumer/main.go:110","M":"message","topic":"topic_user_checkin","partition":0,"offset":50,"value":"{\"uid\":16,\"cid\":19,\"timestamp\":1761745630,\"msg\":\"恭喜16打卡19成功\"}"}
{"L":"INFO","T":"2025-10-29T21:48:30.450+0800","C":"comsumer/main.go:110","M":"message","topic":"topic_user_checkin","partition":0,"offset":51,"value":"{\"uid\":16,\"cid\":19,\"timestamp\":1761745630,\"msg\":\"恭喜16打卡19成功\"}"}
{"L":"INFO","T":"2025-10-29T21:48:30.450+0800","C":"comsumer/main.go:110","M":"message","topic":"topic_user_checkin","partition":0,"offset":52,"value":"{\"uid\":16,\"cid\":19,\"timestamp\":1761745630,\"msg\":\"恭喜16打卡19成功\"}"}
{"L":"INFO","T":"2025-10-29T21:48:30.450+0800","C":"comsumer/main.go:110","M":"message","topic":"topic_user_checkin","partition":0,"offset":53,"value":"{\"uid\":16,\"cid\":19,\"timestamp\":1761745630,\"msg\":\"恭喜16打卡19成功\"}"}
{"L":"INFO","T":"2025-10-29T21:48:30.450+0800","C":"comsumer/main.go:110","M":"message","topic":"topic_user_checkin","partition":0,"offset":54,"value":"{\"uid\":16,\"cid\":19,\"timestamp\":1761745630,\"msg\":\"恭喜16打卡19成功\"}"}
{"L":"INFO","T":"2025-10-29T21:48:30.450+0800","C":"comsumer/main.go:110","M":"message","topic":"topic_user_checkin","partition":0,"offset":55,"value":"{\"uid\":16,\"cid\":19,\"timestamp\":1761745630,\"msg\":\"恭喜16打卡19成功\"}"}
{"L":"INFO","T":"2025-10-29T21:48:30.450+0800","C":"comsumer/main.go:110","M":"message","topic":"topic_user_checkin","partition":0,"offset":56,"value":"{\"uid\":16,\"cid\":19,\"timestamp\":1761745630,\"msg\":\"恭喜16打卡19成功\"}"}
{"L":"INFO","T":"2025-10-29T21:48:30.450+0800","C":"comsumer/main.go:110","M":"message","topic":"topic_user_checkin","partition":0,"offset":57,"value":"{\"uid\":16,\"cid\":19,\"timestamp\":1761745630,\"msg\":\"恭喜16打卡19成功\"}"}
{"L":"INFO","T":"2025-10-29T21:48:30.450+0800","C":"comsumer/main.go:72","M":"v3","v value":"{\"uid\":16,\"cid\":19,\"timestamp\":1761745630,\"msg\":\"恭喜16打卡19成功\"}"}
{"L":"INFO","T":"2025-10-29T21:48:30.450+0800","C":"comsumer/main.go:72","M":"v3","v value":"{\"uid\":16,\"cid\":19,\"timestamp\":1761745630,\"msg\":\"恭喜16打卡19成功\"}"}
{"L":"INFO","T":"2025-10-29T21:48:30.450+0800","C":"comsumer/main.go:72","M":"v3","v value":"{\"uid\":16,\"cid\":19,\"timestamp\":1761745630,\"msg\":\"恭喜16打卡19成功\"}"}
{"L":"INFO","T":"2025-10-29T21:48:30.450+0800","C":"comsumer/main.go:72","M":"v3","v value":"{\"uid\":16,\"cid\":19,\"timestamp\":1761745630,\"msg\":\"恭喜16打卡19成功\"}"}
{"L":"INFO","T":"2025-10-29T21:48:30.450+0800","C":"comsumer/main.go:64","M":"v2","v value":"{\"uid\":16,\"cid\":19,\"timestamp\":1761745630,\"msg\":\"恭喜16打卡19成功\"}"}
{"L":"INFO","T":"2025-10-29T21:48:30.450+0800","C":"comsumer/main.go:64","M":"v2","v value":"{\"uid\":16,\"cid\":19,\"timestamp\":1761745630,\"msg\":\"恭喜16打卡19成功\"}"}
{"L":"INFO","T":"2025-10-29T21:48:30.450+0800","C":"comsumer/main.go:72","M":"v3","v value":"{\"uid\":16,\"cid\":19,\"timestamp\":1761745630,\"msg\":\"恭喜16打卡19成功\"}"}
{"L":"INFO","T":"2025-10-29T21:48:30.450+0800","C":"comsumer/main.go:55","M":"v1","v value":"{\"uid\":16,\"cid\":19,\"timestamp\":1761745630,\"msg\":\"恭喜16打卡19成功\"}"}
{"L":"INFO","T":"2025-10-29T21:48:30.450+0800","C":"comsumer/main.go:110","M":"message","topic":"topic_user_checkin","partition":0,"offset":58,"value":"{\"uid\":16,\"cid\":19,\"timestamp\":1761745630,\"msg\":\"恭喜16打卡19成功\"}"}
{"L":"INFO","T":"2025-10-29T21:48:30.450+0800","C":"comsumer/main.go:110","M":"message","topic":"topic_user_checkin","partition":0,"offset":59,"value":"{\"uid\":16,\"cid\":19,\"timestamp\":1761745630,\"msg\":\"恭喜16打卡19成功\"}"}
{"L":"INFO","T":"2025-10-29T21:48:30.450+0800","C":"comsumer/main.go:72","M":"v3","v value":"{\"uid\":16,\"cid\":19,\"timestamp\":1761745630,\"msg\":\"恭喜16打卡19成功\"}"}
{"L":"INFO","T":"2025-10-29T21:48:30.450+0800","C":"comsumer/main.go:64","M":"v2","v value":"{\"uid\":16,\"cid\":19,\"timestamp\":1761745630,\"msg\":\"恭喜16打卡19成功\"}"}
{"L":"INFO","T":"2025-10-29T21:49:40.941+0800","C":"comsumer/main.go:108","M":"message","topic":"topic_user_checkin","partition":0,"offset":60,"value":"{\"uid\":16,\"cid\":19,\"timestamp\":1761745762,\"msg\":\"恭喜16打卡19成功\"}"}
{"L":"INFO","T":"2025-10-29T21:49:40.994+0800","C":"comsumer/main.go:108","M":"message","topic":"topic_user_checkin","partition":0,"offset":61,"value":"{\"uid\":16,\"cid\":19,\"timestamp\":1761745762,\"msg\":\"恭喜16打卡19成功\"}"}
{"L":"INFO","T":"2025-10-29T21:49:40.994+0800","C":"comsumer/main.go:108","M":"message","topic":"topic_user_checkin","partition":0,"offset":62,"value":"{\"uid\":16,\"cid\":19,\"timestamp\":1761745762,\"msg\":\"恭喜16打卡19成功\"}"}
{"L":"INFO","T":"2025-10-29T21:49:40.994+0800","C":"comsumer/main.go:108","M":"message","topic":"topic_user_checkin","partition":0,"offset":63,"value":"{\"uid\":16,\"cid\":19,\"timestamp\":1761745762,\"msg\":\"恭喜16打卡19成功\"}"}
{"L":"INFO","T":"2025-10-29T21:49:40.994+0800","C":"comsumer/main.go:108","M":"message","topic":"topic_user_checkin","partition":0,"offset":64,"value":"{\"uid\":16,\"cid\":19,\"timestamp\":1761745762,\"msg\":\"恭喜16打卡19成功\"}"}
{"L":"INFO","T":"2025-10-29T21:49:40.994+0800","C":"comsumer/main.go:108","M":"message","topic":"topic_user_checkin","partition":0,"offset":65,"value":"{\"uid\":16,\"cid\":19,\"timestamp\":1761745762,\"msg\":\"恭喜16打卡19成功\"}"}
{"L":"INFO","T":"2025-10-29T21:49:40.994+0800","C":"comsumer/main.go:55","M":"v1","v value":"{\"uid\":16,\"cid\":19,\"timestamp\":1761745762,\"msg\":\"恭喜16打卡19成功\"}"}
{"L":"INFO","T":"2025-10-29T21:49:40.994+0800","C":"comsumer/main.go:64","M":"v2","v value":"{\"uid\":16,\"cid\":19,\"timestamp\":1761745762,\"msg\":\"恭喜16打卡19成功\"}"}
{"L":"INFO","T":"2025-10-29T21:49:40.994+0800","C":"comsumer/main.go:64","M":"v2","v value":"{\"uid\":16,\"cid\":19,\"timestamp\":1761745762,\"msg\":\"恭喜16打卡19成功\"}"}
{"L":"INFO","T":"2025-10-29T21:49:40.994+0800","C":"comsumer/main.go:55","M":"v1","v value":"{\"uid\":16,\"cid\":19,\"timestamp\":1761745762,\"msg\":\"恭喜16打卡19成功\"}"}
{"L":"INFO","T":"2025-10-29T21:49:40.994+0800","C":"comsumer/main.go:64","M":"v2","v value":"{\"uid\":16,\"cid\":19,\"timestamp\":1761745762,\"msg\":\"恭喜16打卡19成功\"}"}
{"L":"INFO","T":"2025-10-29T21:49:40.994+0800","C":"comsumer/main.go:108","M":"message","topic":"topic_user_checkin","partition":0,"offset":66,"value":"{\"uid\":16,\"cid\":19,\"timestamp\":1761745762,\"msg\":\"恭喜16打卡19成功\"}"}
{"L":"INFO","T":"2025-10-29T21:49:40.994+0800","C":"comsumer/main.go:108","M":"message","topic":"topic_user_checkin","partition":0,"offset":67,"value":"{\"uid\":16,\"cid\":19,\"timestamp\":1761745762,\"msg\":\"恭喜16打卡19成功\"}"}
{"L":"INFO","T":"2025-10-29T21:49:40.994+0800","C":"comsumer/main.go:108","M":"message","topic":"topic_user_checkin","partition":0,"offset":68,"value":"{\"uid\":16,\"cid\":19,\"timestamp\":1761745762,\"msg\":\"恭喜16打卡19成功\"}"}
{"L":"INFO","T":"2025-10-29T21:49:40.994+0800","C":"comsumer/main.go:108","M":"message","topic":"topic_user_checkin","partition":0,"offset":69,"value":"{\"uid\":16,\"cid\":19,\"timestamp\":1761745762,\"msg\":\"恭喜16打卡19成功\"}"}
{"L":"INFO","T":"2025-10-29T21:49:40.994+0800","C":"comsumer/main.go:72","M":"v3","v value":"{\"uid\":16,\"cid\":19,\"timestamp\":1761745762,\"msg\":\"恭喜16打卡19成功\"}"}
{"L":"INFO","T":"2025-10-29T21:49:40.994+0800","C":"comsumer/main.go:72","M":"v3","v value":"{\"uid\":16,\"cid\":19,\"timestamp\":1761745762,\"msg\":\"恭喜16打卡19成功\"}"}
{"L":"INFO","T":"2025-10-29T21:49:40.994+0800","C":"comsumer/main.go:64","M":"v2","v value":"{\"uid\":16,\"cid\":19,\"timestamp\":1761745762,\"msg\":\"恭喜16打卡19成功\"}"}
{"L":"INFO","T":"2025-10-29T21:49:40.994+0800","C":"comsumer/main.go:55","M":"v1","v value":"{\"uid\":16,\"cid\":19,\"timestamp\":1761745762,\"msg\":\"恭喜16打卡19成功\"}"}
{"L":"INFO","T":"2025-10-29T21:49:40.994+0800","C":"comsumer/main.go:72","M":"v3","v value":"{\"uid\":16,\"cid\":19,\"timestamp\":1761745762,\"msg\":\"恭喜16打卡19成功\"}"}
{"L":"INFO","T":"2025-10-29T21:51:55.762+0800","C":"comsumer/main.go:102","M":"message","topic":"topic_user_checkin","partition":0,"offset":70,"value":"{\"uid\":16,\"cid\":19,\"timestamp\":1761745819,\"msg\":\"恭喜16打卡19成功\"}"}
{"L":"INFO","T":"2025-10-29T21:51:55.782+0800","C":"comsumer/main.go:102","M":"message","topic":"topic_user_checkin","partition":0,"offset":71,"value":"{\"uid\":16,\"cid\":19,\"timestamp\":1761745819,\"msg\":\"恭喜16打卡19成功\"}"}
{"L":"INFO","T":"2025-10-29T21:51:55.782+0800","C":"comsumer/main.go:51","M":"v1","v value":"{\"uid\":16,\"cid\":19,\"timestamp\":1761745819,\"msg\":\"恭喜16打卡19成功\"}"}
{"L":"INFO","T":"2025-10-29T21:51:55.782+0800","C":"comsumer/main.go:102","M":"message","topic":"topic_user_checkin","partition":0,"offset":72,"value":"{\"uid\":16,\"cid\":19,\"timestamp\":1761745819,\"msg\":\"恭喜16打卡19成功\"}"}
{"L":"INFO","T":"2025-10-29T21:51:55.782+0800","C":"comsumer/main.go:102","M":"message","topic":"topic_user_checkin","partition":0,"offset":73,"value":"{\"uid\":16,\"cid\":19,\"timestamp\":1761745819,\"msg\":\"恭喜16打卡19成功\"}"}
{"L":"INFO","T":"2025-10-29T21:51:55.782+0800","C":"comsumer/main.go:102","M":"message","topic":"topic_user_checkin","partition":0,"offset":74,"value":"{\"uid\":16,\"cid\":19,\"timestamp\":1761745819,\"msg\":\"恭喜16打卡19成功\"}"}
{"L":"INFO","T":"2025-10-29T21:51:55.782+0800","C":"comsumer/main.go:51","M":"v1","v value":"{\"uid\":16,\"cid\":19,\"timestamp\":1761745819,\"msg\":\"恭喜16打卡19成功\"}"}
{"L":"INFO","T":"2025-10-29T21:51:55.783+0800","C":"comsumer/main.go:51","M":"v1","v value":"{\"uid\":16,\"cid\":19,\"timestamp\":1761745819,\"msg\":\"恭喜16打卡19成功\"}"}
{"L":"INFO","T":"2025-10-29T21:51:55.782+0800","C":"comsumer/main.go:68","M":"v3","v value":"{\"uid\":16,\"cid\":19,\"timestamp\":1761745819,\"msg\":\"恭喜16打卡19成功\"}"}
{"L":"INFO","T":"2025-10-29T21:51:55.782+0800","C":"comsumer/main.go:60","M":"v2","v value":"{\"uid\":16,\"cid\":19,\"timestamp\":1761745819,\"msg\":\"恭喜16打卡19成功\"}"}
{"L":"INFO","T":"2025-10-29T21:51:55.782+0800","C":"comsumer/main.go:102","M":"message","topic":"topic_user_checkin","partition":0,"offset":75,"value":"{\"uid\":16,\"cid\":19,\"timestamp\":1761745819,\"msg\":\"恭喜16打卡19成功\"}"}
{"L":"INFO","T":"2025-10-29T21:51:55.783+0800","C":"comsumer/main.go:102","M":"message","topic":"topic_user_checkin","partition":0,"offset":76,"value":"{\"uid\":16,\"cid\":19,\"timestamp\":1761745819,\"msg\":\"恭喜16打卡19成功\"}"}
{"L":"INFO","T":"2025-10-29T21:51:55.783+0800","C":"comsumer/main.go:102","M":"message","topic":"topic_user_checkin","partition":0,"offset":77,"value":"{\"uid\":16,\"cid\":19,\"timestamp\":1761745819,\"msg\":\"恭喜16打卡19成功\"}"}
{"L":"INFO","T":"2025-10-29T21:51:55.783+0800","C":"comsumer/main.go:102","M":"message","topic":"topic_user_checkin","partition":0,"offset":78,"value":"{\"uid\":16,\"cid\":19,\"timestamp\":1761745819,\"msg\":\"恭喜16打卡19成功\"}"}
{"L":"INFO","T":"2025-10-29T21:51:55.783+0800","C":"comsumer/main.go:102","M":"message","topic":"topic_user_checkin","partition":0,"offset":79,"value":"{\"uid\":16,\"cid\":19,\"timestamp\":1761745819,\"msg\":\"恭喜16打卡19成功\"}"}
{"L":"INFO","T":"2025-10-29T21:51:55.783+0800","C":"comsumer/main.go:51","M":"v1","v value":"{\"uid\":16,\"cid\":19,\"timestamp\":1761745819,\"msg\":\"恭喜16打卡19成功\"}"}
{"L":"INFO","T":"2025-10-29T21:51:55.784+0800","C":"comsumer/main.go:51","M":"v1","v value":"{\"uid\":16,\"cid\":19,\"timestamp\":1761745819,\"msg\":\"恭喜16打卡19成功\"}"}
{"L":"INFO","T":"2025-10-29T21:51:55.784+0800","C":"comsumer/main.go:51","M":"v1","v value":"{\"uid\":16,\"cid\":19,\"timestamp\":1761745819,\"msg\":\"恭喜16打卡19成功\"}"}
{"L":"INFO","T":"2025-10-29T21:51:55.783+0800","C":"comsumer/main.go:68","M":"v3","v value":"{\"uid\":16,\"cid\":19,\"timestamp\":1761745819,\"msg\":\"恭喜16打卡19成功\"}"}
{"L":"INFO","T":"2025-10-29T21:51:55.783+0800","C":"comsumer/main.go:60","M":"v2","v value":"{\"uid\":16,\"cid\":19,\"timestamp\":1761745819,\"msg\":\"恭喜16打卡19成功\"}"}
{"L":"INFO","T":"2025-10-29T22:06:47.284+0800","C":"comsumer/main.go:31","M":"sigChan:","sigChan":"获得信号interrupt"}
{"L":"INFO","T":"2025-10-29T22:10:57.036+0800","C":"comsumer/main.go:111","M":"message","topic":"topic_user_checkin","partition":0,"offset":80,"value":"{\"uid\":16,\"cid\":19,\"timestamp\":1761747037,\"msg\":\"恭喜16打卡19成功\"}"}
{"L":"INFO","T":"2025-10-29T22:10:57.056+0800","C":"comsumer/main.go:111","M":"message","topic":"topic_user_checkin","partition":0,"offset":81,"value":"{\"uid\":16,\"cid\":19,\"timestamp\":1761747037,\"msg\":\"恭喜16打卡19成功\"}"}
{"L":"INFO","T":"2025-10-29T22:10:57.056+0800","C":"comsumer/main.go:111","M":"message","topic":"topic_user_checkin","partition":0,"offset":82,"value":"{\"uid\":16,\"cid\":19,\"timestamp\":1761747037,\"msg\":\"恭喜16打卡19成功\"}"}
{"L":"INFO","T":"2025-10-29T22:10:57.056+0800","C":"comsumer/main.go:111","M":"message","topic":"topic_user_checkin","partition":0,"offset":83,"value":"{\"uid\":16,\"cid\":19,\"timestamp\":1761747037,\"msg\":\"恭喜16打卡19成功\"}"}
{"L":"INFO","T":"2025-10-29T22:10:57.056+0800","C":"comsumer/main.go:55","M":"v1","v value":"{\"uid\":16,\"cid\":19,\"timestamp\":1761747037,\"msg\":\"恭喜16打卡19成功\"}"}
{"L":"INFO","T":"2025-10-29T22:10:57.057+0800","C":"comsumer/main.go:55","M":"v1","v value":"{\"uid\":16,\"cid\":19,\"timestamp\":1761747037,\"msg\":\"恭喜16打卡19成功\"}"}
{"L":"INFO","T":"2025-10-29T22:10:57.056+0800","C":"comsumer/main.go:72","M":"v3","v value":"{\"uid\":16,\"cid\":19,\"timestamp\":1761747037,\"msg\":\"恭喜16打卡19成功\"}"}
{"L":"INFO","T":"2025-10-29T22:10:57.056+0800","C":"comsumer/main.go:64","M":"v2","v value":"{\"uid\":16,\"cid\":19,\"timestamp\":1761747037,\"msg\":\"恭喜16打卡19成功\"}"}
{"L":"INFO","T":"2025-10-29T22:10:57.057+0800","C":"comsumer/main.go:111","M":"message","topic":"topic_user_checkin","partition":0,"offset":84,"value":"{\"uid\":16,\"cid\":19,\"timestamp\":1761747037,\"msg\":\"恭喜16打卡19成功\"}"}
{"L":"INFO","T":"2025-10-29T22:10:57.058+0800","C":"comsumer/main.go:111","M":"message","topic":"topic_user_checkin","partition":0,"offset":85,"value":"{\"uid\":16,\"cid\":19,\"timestamp\":1761747037,\"msg\":\"恭喜16打卡19成功\"}"}
{"L":"INFO","T":"2025-10-29T22:10:57.058+0800","C":"comsumer/main.go:111","M":"message","topic":"topic_user_checkin","partition":0,"offset":86,"value":"{\"uid\":16,\"cid\":19,\"timestamp\":1761747037,\"msg\":\"恭喜16打卡19成功\"}"}
{"L":"INFO","T":"2025-10-29T22:10:57.058+0800","C":"comsumer/main.go:111","M":"message","topic":"topic_user_checkin","partition":0,"offset":87,"value":"{\"uid\":16,\"cid\":19,\"timestamp\":1761747037,\"msg\":\"恭喜16打卡19成功\"}"}
{"L":"INFO","T":"2025-10-29T22:10:57.058+0800","C":"comsumer/main.go:111","M":"message","topic":"topic_user_checkin","partition":0,"offset":88,"value":"{\"uid\":16,\"cid\":19,\"timestamp\":1761747037,\"msg\":\"恭喜16打卡19成功\"}"}
{"L":"INFO","T":"2025-10-29T22:10:57.058+0800","C":"comsumer/main.go:111","M":"message","topic":"topic_user_checkin","partition":0,"offset":89,"value":"{\"uid\":16,\"cid\":19,\"timestamp\":1761747037,\"msg\":\"恭喜16打卡19成功\"}"}
{"L":"INFO","T":"2025-10-29T22:10:57.058+0800","C":"comsumer/main.go:55","M":"v1","v value":"{\"uid\":16,\"cid\":19,\"timestamp\":1761747037,\"msg\":\"恭喜16打卡19成功\"}"}
{"L":"INFO","T":"2025-10-29T22:10:57.058+0800","C":"comsumer/main.go:55","M":"v1","v value":"{\"uid\":16,\"cid\":19,\"timestamp\":1761747037,\"msg\":\"恭喜16打卡19成功\"}"}
{"L":"INFO","T":"2025-10-29T22:10:57.059+0800","C":"comsumer/main.go:55","M":"v1","v value":"{\"uid\":16,\"cid\":19,\"timestamp\":1761747037,\"msg\":\"恭喜16打卡19成功\"}"}
{"L":"INFO","T":"2025-10-29T22:10:57.058+0800","C":"comsumer/main.go:72","M":"v3","v value":"{\"uid\":16,\"cid\":19,\"timestamp\":1761747037,\"msg\":\"恭喜16打卡19成功\"}"}
{"L":"INFO","T":"2025-10-29T22:10:57.058+0800","C":"comsumer/main.go:64","M":"v2","v value":"{\"uid\":16,\"cid\":19,\"timestamp\":1761747037,\"msg\":\"恭喜16打卡19成功\"}"}
{"L":"INFO","T":"2025-10-29T22:10:57.059+0800","C":"comsumer/main.go:55","M":"v1","v value":"{\"uid\":16,\"cid\":19,\"timestamp\":1761747037,\"msg\":\"恭喜16打卡19成功\"}"}
{"L":"INFO","T":"2025-10-29T22:17:30.908+0800","C":"comsumer/main.go:114","M":"message","topic":"topic_user_checkin","partition":0,"offset":90,"value":"{\"uid\":16,\"cid\":19,\"timestamp\":1761747436,\"msg\":\"恭喜16打卡19成功\"}"}
{"L":"INFO","T":"2025-10-29T22:17:30.964+0800","C":"comsumer/main.go:55","M":"v1","v value":"{\"uid\":16,\"cid\":19,\"timestamp\":1761747436,\"msg\":\"恭喜16打卡19成功\"}"}
{"L":"INFO","T":"2025-10-29T22:17:30.964+0800","C":"comsumer/main.go:114","M":"message","topic":"topic_user_checkin","partition":0,"offset":91,"value":"{\"uid\":16,\"cid\":19,\"timestamp\":1761747436,\"msg\":\"恭喜16打卡19成功\"}"}
{"L":"INFO","T":"2025-10-29T22:17:30.964+0800","C":"comsumer/main.go:114","M":"message","topic":"topic_user_checkin","partition":0,"offset":92,"value":"{\"uid\":16,\"cid\":19,\"timestamp\":1761747436,\"msg\":\"恭喜16打卡19成功\"}"}
{"L":"INFO","T":"2025-10-29T22:17:30.964+0800","C":"comsumer/main.go:114","M":"message","topic":"topic_user_checkin","partition":0,"offset":93,"value":"{\"uid\":16,\"cid\":19,\"timestamp\":1761747436,\"msg\":\"恭喜16打卡19成功\"}"}
{"L":"INFO","T":"2025-10-29T22:17:30.964+0800","C":"comsumer/main.go:114","M":"message","topic":"topic_user_checkin","partition":0,"offset":94,"value":"{\"uid\":16,\"cid\":19,\"timestamp\":1761747436,\"msg\":\"恭喜16打卡19成功\"}"}
{"L":"INFO","T":"2025-10-29T22:17:30.964+0800","C":"comsumer/main.go:114","M":"message","topic":"topic_user_checkin","partition":0,"offset":95,"value":"{\"uid\":16,\"cid\":19,\"timestamp\":1761747436,\"msg\":\"恭喜16打卡19成功\"}"}
{"L":"INFO","T":"2025-10-29T22:17:30.964+0800","C":"comsumer/main.go:114","M":"message","topic":"topic_user_checkin","partition":0,"offset":96,"value":"{\"uid\":16,\"cid\":19,\"timestamp\":1761747436,\"msg\":\"恭喜16打卡19成功\"}"}
{"L":"INFO","T":"2025-10-29T22:17:30.964+0800","C":"comsumer/main.go:114","M":"message","topic":"topic_user_checkin","partition":0,"offset":97,"value":"{\"uid\":16,\"cid\":19,\"timestamp\":1761747436,\"msg\":\"恭喜16打卡19成功\"}"}
{"L":"INFO","T":"2025-10-29T22:17:30.964+0800","C":"comsumer/main.go:114","M":"message","topic":"topic_user_checkin","partition":0,"offset":98,"value":"{\"uid\":16,\"cid\":19,\"timestamp\":1761747436,\"msg\":\"恭喜16打卡19成功\"}"}
{"L":"INFO","T":"2025-10-29T22:17:30.964+0800","C":"comsumer/main.go:114","M":"message","topic":"topic_user_checkin","partition":0,"offset":99,"value":"{\"uid\":16,\"cid\":19,\"timestamp\":1761747436,\"msg\":\"恭喜16打卡19成功\"}"}
{"L":"INFO","T":"2025-10-29T22:17:30.964+0800","C":"comsumer/main.go:72","M":"v3","v value":"{\"uid\":16,\"cid\":19,\"timestamp\":1761747436,\"msg\":\"恭喜16打卡19成功\"}"}
{"L":"INFO","T":"2025-10-29T22:17:30.964+0800","C":"comsumer/main.go:72","M":"v3","v value":"{\"uid\":16,\"cid\":19,\"timestamp\":1761747436,\"msg\":\"恭喜16打卡19成功\"}"}
{"L":"INFO","T":"2025-10-29T22:17:30.964+0800","C":"comsumer/main.go:72","M":"v3","v value":"{\"uid\":16,\"cid\":19,\"timestamp\":1761747436,\"msg\":\"恭喜16打卡19成功\"}"}
{"L":"INFO","T":"2025-10-29T22:17:30.964+0800","C":"comsumer/main.go:72","M":"v3","v value":"{\"uid\":16,\"cid\":19,\"timestamp\":1761747436,\"msg\":\"恭喜16打卡19成功\"}"}
{"L":"INFO","T":"2025-10-29T22:17:30.964+0800","C":"comsumer/main.go:72","M":"v3","v value":"{\"uid\":16,\"cid\":19,\"timestamp\":1761747436,\"msg\":\"恭喜16打卡19成功\"}"}
{"L":"INFO","T":"2025-10-29T22:17:30.964+0800","C":"comsumer/main.go:72","M":"v3","v value":"{\"uid\":16,\"cid\":19,\"timestamp\":1761747436,\"msg\":\"恭喜16打卡19成功\"}"}
{"L":"INFO","T":"2025-10-29T22:17:30.964+0800","C":"comsumer/main.go:55","M":"v1","v value":"{\"uid\":16,\"cid\":19,\"timestamp\":1761747436,\"msg\":\"恭喜16打卡19成功\"}"}
{"L":"INFO","T":"2025-10-29T22:17:30.964+0800","C":"comsumer/main.go:64","M":"v2","v value":"{\"uid\":16,\"cid\":19,\"timestamp\":1761747436,\"msg\":\"恭喜16打卡19成功\"}"}
{"L":"INFO","T":"2025-10-29T22:17:30.964+0800","C":"comsumer/main.go:72","M":"v3","v value":"{\"uid\":16,\"cid\":19,\"timestamp\":1761747436,\"msg\":\"恭喜16打卡19成功\"}"}
{"L":"INFO","T":"2025-10-29T22:18:21.528+0800","C":"comsumer/main.go:114","M":"message","topic":"topic_user_checkin","partition":0,"offset":100,"value":"{\"uid\":16,\"cid\":19,\"timestamp\":1761747484,\"msg\":\"恭喜16打卡19成功\"}"}
{"L":"INFO","T":"2025-10-29T22:18:21.546+0800","C":"comsumer/main.go:114","M":"message","topic":"topic_user_checkin","partition":0,"offset":101,"value":"{\"uid\":16,\"cid\":19,\"timestamp\":1761747484,\"msg\":\"恭喜16打卡19成功\"}"}
{"L":"INFO","T":"2025-10-29T22:18:21.546+0800","C":"comsumer/main.go:64","M":"v2","v value":"{\"uid\":16,\"cid\":19,\"timestamp\":1761747484,\"msg\":\"恭喜16打卡19成功\"}"}
{"L":"INFO","T":"2025-10-29T22:18:21.546+0800","C":"comsumer/main.go:114","M":"message","topic":"topic_user_checkin","partition":0,"offset":102,"value":"{\"uid\":16,\"cid\":19,\"timestamp\":1761747484,\"msg\":\"恭喜16打卡19成功\"}"}
{"L":"INFO","T":"2025-10-29T22:18:21.547+0800","C":"comsumer/main.go:114","M":"message","topic":"topic_user_checkin","partition":0,"offset":103,"value":"{\"uid\":16,\"cid\":19,\"timestamp\":1761747484,\"msg\":\"恭喜16打卡19成功\"}"}
{"L":"INFO","T":"2025-10-29T22:18:21.547+0800","C":"comsumer/main.go:114","M":"message","topic":"topic_user_checkin","partition":0,"offset":104,"value":"{\"uid\":16,\"cid\":19,\"timestamp\":1761747484,\"msg\":\"恭喜16打卡19成功\"}"}
{"L":"INFO","T":"2025-10-29T22:18:21.546+0800","C":"comsumer/main.go:55","M":"v1","v value":"{\"uid\":16,\"cid\":19,\"timestamp\":1761747484,\"msg\":\"恭喜16打卡19成功\"}"}
{"L":"INFO","T":"2025-10-29T22:18:21.547+0800","C":"comsumer/main.go:72","M":"v3","v value":"{\"uid\":16,\"cid\":19,\"timestamp\":1761747484,\"msg\":\"恭喜16打卡19成功\"}"}
{"L":"INFO","T":"2025-10-29T22:18:21.547+0800","C":"comsumer/main.go:64","M":"v2","v value":"{\"uid\":16,\"cid\":19,\"timestamp\":1761747484,\"msg\":\"恭喜16打卡19成功\"}"}
{"L":"INFO","T":"2025-10-29T22:18:21.547+0800","C":"comsumer/main.go:114","M":"message","topic":"topic_user_checkin","partition":0,"offset":105,"value":"{\"uid\":16,\"cid\":19,\"timestamp\":1761747484,\"msg\":\"恭喜16打卡19成功\"}"}
{"L":"INFO","T":"2025-10-29T22:18:21.548+0800","C":"comsumer/main.go:114","M":"message","topic":"topic_user_checkin","partition":0,"offset":106,"value":"{\"uid\":16,\"cid\":19,\"timestamp\":1761747484,\"msg\":\"恭喜16打卡19成功\"}"}
{"L":"INFO","T":"2025-10-29T22:18:21.548+0800","C":"comsumer/main.go:114","M":"message","topic":"topic_user_checkin","partition":0,"offset":107,"value":"{\"uid\":16,\"cid\":19,\"timestamp\":1761747484,\"msg\":\"恭喜16打卡19成功\"}"}
{"L":"INFO","T":"2025-10-29T22:18:21.548+0800","C":"comsumer/main.go:114","M":"message","topic":"topic_user_checkin","partition":0,"offset":108,"value":"{\"uid\":16,\"cid\":19,\"timestamp\":1761747484,\"msg\":\"恭喜16打卡19成功\"}"}
{"L":"INFO","T":"2025-10-29T22:18:21.547+0800","C":"comsumer/main.go:55","M":"v1","v value":"{\"uid\":16,\"cid\":19,\"timestamp\":1761747484,\"msg\":\"恭喜16打卡19成功\"}"}
{"L":"INFO","T":"2025-10-29T22:18:21.548+0800","C":"comsumer/main.go:55","M":"v1","v value":"{\"uid\":16,\"cid\":19,\"timestamp\":1761747484,\"msg\":\"恭喜16打卡19成功\"}"}
{"L":"INFO","T":"2025-10-29T22:18:21.548+0800","C":"comsumer/main.go:55","M":"v1","v value":"{\"uid\":16,\"cid\":19,\"timestamp\":1761747484,\"msg\":\"恭喜16打卡19成功\"}"}
{"L":"INFO","T":"2025-10-29T22:18:21.548+0800","C":"comsumer/main.go:72","M":"v3","v value":"{\"uid\":16,\"cid\":19,\"timestamp\":1761747484,\"msg\":\"恭喜16打卡19成功\"}"}
{"L":"INFO","T":"2025-10-29T22:18:21.548+0800","C":"comsumer/main.go:64","M":"v2","v value":"{\"uid\":16,\"cid\":19,\"timestamp\":1761747484,\"msg\":\"恭喜16打卡19成功\"}"}
{"L":"INFO","T":"2025-10-29T22:18:21.548+0800","C":"comsumer/main.go:114","M":"message","topic":"topic_user_checkin","partition":0,"offset":109,"value":"{\"uid\":16,\"cid\":19,\"timestamp\":1761747484,\"msg\":\"恭喜16打卡19成功\"}"}
{"L":"INFO","T":"2025-10-29T22:18:21.549+0800","C":"comsumer/main.go:55","M":"v1","v value":"{\"uid\":16,\"cid\":19,\"timestamp\":1761747484,\"msg\":\"恭喜16打卡19成功\"}"}
{"L":"INFO","T":"2025-10-29T22:18:24.232+0800","C":"comsumer/main.go:81","M":"sigChan:","sigChan":"获得信号interrupt"}
{"L":"INFO","T":"2025-10-29T22:24:24.456+0800","C":"comsumer/main.go:81","M":"sigChan:","sigChan":"获得信号interrupt"}
{"L":"INFO","T":"2025-10-29T22:28:51.437+0800","C":"comsumer/main.go:112","M":"message","topic":"topic_user_checkin","partition":0,"offset":110,"value":"{\"uid\":16,\"cid\":19,\"timestamp\":1761748121,\"msg\":\"恭喜16打卡19成功\"}"}
{"L":"INFO","T":"2025-10-29T22:28:51.489+0800","C":"comsumer/main.go:112","M":"message","topic":"topic_user_checkin","partition":0,"offset":111,"value":"{\"uid\":16,\"cid\":19,\"timestamp\":1761748121,\"msg\":\"恭喜16打卡19成功\"}"}
{"L":"INFO","T":"2025-10-29T22:28:51.489+0800","C":"comsumer/main.go:112","M":"message","topic":"topic_user_checkin","partition":0,"offset":112,"value":"{\"uid\":16,\"cid\":19,\"timestamp\":1761748121,\"msg\":\"恭喜16打卡19成功\"}"}
{"L":"INFO","T":"2025-10-29T22:28:51.489+0800","C":"comsumer/main.go:112","M":"message","topic":"topic_user_checkin","partition":0,"offset":113,"value":"{\"uid\":16,\"cid\":19,\"timestamp\":1761748121,\"msg\":\"恭喜16打卡19成功\"}"}
{"L":"INFO","T":"2025-10-29T22:28:51.489+0800","C":"comsumer/main.go:112","M":"message","topic":"topic_user_checkin","partition":0,"offset":114,"value":"{\"uid\":16,\"cid\":19,\"timestamp\":1761748121,\"msg\":\"恭喜16打卡19成功\"}"}
{"L":"INFO","T":"2025-10-29T22:28:51.489+0800","C":"comsumer/main.go:112","M":"message","topic":"topic_user_checkin","partition":0,"offset":115,"value":"{\"uid\":16,\"cid\":19,\"timestamp\":1761748121,\"msg\":\"恭喜16打卡19成功\"}"}
{"L":"INFO","T":"2025-10-29T22:28:51.489+0800","C":"comsumer/main.go:112","M":"message","topic":"topic_user_checkin","partition":0,"offset":116,"value":"{\"uid\":16,\"cid\":19,\"timestamp\":1761748121,\"msg\":\"恭喜16打卡19成功\"}"}
{"L":"INFO","T":"2025-10-29T22:28:51.489+0800","C":"comsumer/main.go:112","M":"message","topic":"topic_user_checkin","partition":0,"offset":117,"value":"{\"uid\":16,\"cid\":19,\"timestamp\":1761748121,\"msg\":\"恭喜16打卡19成功\"}"}
{"L":"INFO","T":"2025-10-29T22:28:51.489+0800","C":"comsumer/main.go:112","M":"message","topic":"topic_user_checkin","partition":0,"offset":118,"value":"{\"uid\":16,\"cid\":19,\"timestamp\":1761748121,\"msg\":\"恭喜16打卡19成功\"}"}
{"L":"INFO","T":"2025-10-29T22:28:51.489+0800","C":"comsumer/main.go:112","M":"message","topic":"topic_user_checkin","partition":0,"offset":119,"value":"{\"uid\":16,\"cid\":19,\"timestamp\":1761748121,\"msg\":\"恭喜16打卡19成功\"}"}
{"L":"INFO","T":"2025-10-29T22:28:51.489+0800","C":"comsumer/main.go:72","M":"v3","v value":"{\"uid\":16,\"cid\":19,\"timestamp\":1761748121,\"msg\":\"恭喜16打卡19成功\"}"}
{"L":"INFO","T":"2025-10-29T22:28:51.489+0800","C":"comsumer/main.go:55","M":"v1","v value":"{\"uid\":16,\"cid\":19,\"timestamp\":1761748121,\"msg\":\"恭喜16打卡19成功\"}"}
{"L":"INFO","T":"2025-10-29T22:28:51.489+0800","C":"comsumer/main.go:55","M":"v1","v value":"{\"uid\":16,\"cid\":19,\"timestamp\":1761748121,\"msg\":\"恭喜16打卡19成功\"}"}
{"L":"INFO","T":"2025-10-29T22:28:51.489+0800","C":"comsumer/main.go:64","M":"v2","v value":"{\"uid\":16,\"cid\":19,\"timestamp\":1761748121,\"msg\":\"恭喜16打卡19成功\"}"}
{"L":"INFO","T":"2025-10-29T22:28:51.489+0800","C":"comsumer/main.go:64","M":"v2","v value":"{\"uid\":16,\"cid\":19,\"timestamp\":1761748121,\"msg\":\"恭喜16打卡19成功\"}"}
{"L":"INFO","T":"2025-10-29T22:28:51.489+0800","C":"comsumer/main.go:64","M":"v2","v value":"{\"uid\":16,\"cid\":19,\"timestamp\":1761748121,\"msg\":\"恭喜16打卡19成功\"}"}
{"L":"INFO","T":"2025-10-29T22:28:51.489+0800","C":"comsumer/main.go:72","M":"v3","v value":"{\"uid\":16,\"cid\":19,\"timestamp\":1761748121,\"msg\":\"恭喜16打卡19成功\"}"}
{"L":"INFO","T":"2025-10-29T22:28:51.489+0800","C":"comsumer/main.go:72","M":"v3","v value":"{\"uid\":16,\"cid\":19,\"timestamp\":1761748121,\"msg\":\"恭喜16打卡19成功\"}"}
{"L":"INFO","T":"2025-10-29T22:28:51.489+0800","C":"comsumer/main.go:55","M":"v1","v value":"{\"uid\":16,\"cid\":19,\"timestamp\":1761748121,\"msg\":\"恭喜16打卡19成功\"}"}
{"L":"INFO","T":"2025-10-29T22:28:51.489+0800","C":"comsumer/main.go:64","M":"v2","v value":"{\"uid\":16,\"cid\":19,\"timestamp\":1761748121,\"msg\":\"恭喜16打卡19成功\"}"}
{"L":"INFO","T":"2025-10-30T19:30:09.083+0800","C":"comsumer/main.go:57","M":"v1","v value":{"uid":16,"cid":19,"timestamp":1761823792,"msg":"恭喜16打卡19成功"}}
{"L":"INFO","T":"2025-10-30T19:30:09.083+0800","C":"comsumer/main.go:74","M":"v3","v value":{"uid":16,"cid":19,"timestamp":1761823792,"msg":"恭喜16打卡19成功"}}
{"L":"INFO","T":"2025-10-30T19:30:09.137+0800","C":"comsumer/main.go:74","M":"v3","v value":{"uid":16,"cid":19,"timestamp":1761823792,"msg":"恭喜16打卡19成功"}}
{"L":"INFO","T":"2025-10-30T19:30:09.137+0800","C":"comsumer/main.go:57","M":"v1","v value":{"uid":16,"cid":19,"timestamp":1761823792,"msg":"恭喜16打卡19成功"}}
{"L":"INFO","T":"2025-10-30T19:30:09.083+0800","C":"comsumer/main.go:66","M":"v2","v value":{"uid":16,"cid":19,"timestamp":1761823792,"msg":"恭喜16打卡19成功"}}
{"L":"INFO","T":"2025-10-30T19:30:09.137+0800","C":"comsumer/main.go:66","M":"v2","v value":{"uid":16,"cid":19,"timestamp":1761823792,"msg":"恭喜16打卡19成功"}}
{"L":"INFO","T":"2025-10-30T19:30:09.137+0800","C":"comsumer/main.go:74","M":"v3","v value":{"uid":16,"cid":19,"timestamp":1761823792,"msg":"恭喜16打卡19成功"}}
{"L":"INFO","T":"2025-10-30T19:30:09.137+0800","C":"comsumer/main.go:57","M":"v1","v value":{"uid":16,"cid":19,"timestamp":1761823792,"msg":"恭喜16打卡19成功"}}
{"L":"INFO","T":"2025-10-30T19:30:09.137+0800","C":"comsumer/main.go:66","M":"v2","v value":{"uid":16,"cid":19,"timestamp":1761823792,"msg":"恭喜16打卡19成功"}}
{"L":"INFO","T":"2025-10-30T19:30:09.137+0800","C":"comsumer/main.go:74","M":"v3","v value":{"uid":16,"cid":19,"timestamp":1761823792,"msg":"恭喜16打卡19成功"}}
{"L":"INFO","T":"2025-10-30T19:34:23.809+0800","C":"comsumer/main.go:72","M":"v3","v value":"{\"uid\":16,\"cid\":19,\"timestamp\":1761824047,\"msg\":\"恭喜16打卡19成功\"}"}
{"L":"INFO","T":"2025-10-30T19:34:23.861+0800","C":"comsumer/main.go:72","M":"v3","v value":"{\"uid\":16,\"cid\":19,\"timestamp\":1761824047,\"msg\":\"恭喜16打卡19成功\"}"}
{"L":"INFO","T":"2025-10-30T19:34:23.861+0800","C":"comsumer/main.go:72","M":"v3","v value":"{\"uid\":16,\"cid\":19,\"timestamp\":1761824047,\"msg\":\"恭喜16打卡19成功\"}"}
{"L":"INFO","T":"2025-10-30T19:34:23.861+0800","C":"comsumer/main.go:72","M":"v3","v value":"{\"uid\":16,\"cid\":19,\"timestamp\":1761824047,\"msg\":\"恭喜16打卡19成功\"}"}
{"L":"INFO","T":"2025-10-30T19:34:23.861+0800","C":"comsumer/main.go:72","M":"v3","v value":"{\"uid\":16,\"cid\":19,\"timestamp\":1761824047,\"msg\":\"恭喜16打卡19成功\"}"}
{"L":"INFO","T":"2025-10-30T19:34:23.861+0800","C":"comsumer/main.go:72","M":"v3","v value":"{\"uid\":16,\"cid\":19,\"timestamp\":1761824047,\"msg\":\"恭喜16打卡19成功\"}"}
{"L":"INFO","T":"2025-10-30T19:34:23.809+0800","C":"comsumer/main.go:64","M":"v2","v value":"{\"uid\":16,\"cid\":19,\"timestamp\":1761824047,\"msg\":\"恭喜16打卡19成功\"}"}
{"L":"INFO","T":"2025-10-30T19:34:23.862+0800","C":"comsumer/main.go:64","M":"v2","v value":"{\"uid\":16,\"cid\":19,\"timestamp\":1761824047,\"msg\":\"恭喜16打卡19成功\"}"}
{"L":"INFO","T":"2025-10-30T19:34:23.809+0800","C":"comsumer/main.go:55","M":"v1","v value":"{\"uid\":16,\"cid\":19,\"timestamp\":1761824047,\"msg\":\"恭喜16打卡19成功\"}"}
{"L":"INFO","T":"2025-10-30T19:34:23.861+0800","C":"comsumer/main.go:72","M":"v3","v value":"{\"uid\":16,\"cid\":19,\"timestamp\":1761824047,\"msg\":\"恭喜16打卡19成功\"}"}
{"L":"DEBUG","T":"2025-10-30T20:16:31.626+0800","C":"comsumer/main.go:56","M":"ProducerSend","partition":0,"offset":50}
{"L":"INFO","T":"2025-10-30T20:16:31.747+0800","C":"comsumer/main.go:88","M":"v1","v value":"{\"uid\":16,\"cid\":19,\"timestamp\":1761824190,\"msg\":\"恭喜16打卡19成功\"}"}
{"L":"INFO","T":"2025-10-30T20:16:31.747+0800","C":"comsumer/main.go:88","M":"v1","v value":"{\"uid\":16,\"cid\":19,\"timestamp\":1761824190,\"msg\":\"恭喜16打卡19成功\"}"}
{"L":"INFO","T":"2025-10-30T20:16:31.747+0800","C":"comsumer/main.go:105","M":"v3","v value":"{\"uid\":16,\"cid\":19,\"timestamp\":1761824190,\"msg\":\"恭喜16打卡19成功\"}"}
{"L":"INFO","T":"2025-10-30T20:16:31.747+0800","C":"comsumer/main.go:97","M":"v2","v value":"{\"uid\":16,\"cid\":19,\"timestamp\":1761824190,\"msg\":\"恭喜16打卡19成功\"}"}
{"L":"INFO","T":"2025-10-30T20:16:31.747+0800","C":"comsumer/main.go:105","M":"v3","v value":"{\"uid\":16,\"cid\":19,\"timestamp\":1761824190,\"msg\":\"恭喜16打卡19成功\"}"}
{"L":"INFO","T":"2025-10-30T20:16:31.748+0800","C":"comsumer/main.go:97","M":"v2","v value":"{\"uid\":16,\"cid\":19,\"timestamp\":1761824190,\"msg\":\"恭喜16打卡19成功\"}"}
{"L":"INFO","T":"2025-10-30T20:16:31.748+0800","C":"comsumer/main.go:105","M":"v3","v value":"{\"uid\":16,\"cid\":19,\"timestamp\":1761824190,\"msg\":\"恭喜16打卡19成功\"}"}
{"L":"INFO","T":"2025-10-30T20:16:31.747+0800","C":"comsumer/main.go:88","M":"v1","v value":"{\"uid\":16,\"cid\":19,\"timestamp\":1761824190,\"msg\":\"恭喜16打卡19成功\"}"}
{"L":"INFO","T":"2025-10-30T20:16:31.748+0800","C":"comsumer/main.go:97","M":"v2","v value":"{\"uid\":16,\"cid\":19,\"timestamp\":1761824190,\"msg\":\"恭喜16打卡19成功\"}"}
{"L":"INFO","T":"2025-10-30T20:16:31.748+0800","C":"comsumer/main.go:105","M":"v3","v value":"{\"uid\":16,\"cid\":19,\"timestamp\":1761824190,\"msg\":\"恭喜16打卡19成功\"}"}
{"L":"INFO","T":"2025-10-30T20:16:31.748+0800","C":"comsumer/main.go:105","M":"v3","v value":"{\"uid\":16,\"cid\":19,\"timestamp\":1761824212,\"msg\":\"恭喜16打卡19成功\"}"}
{"L":"INFO","T":"2025-10-30T20:16:31.748+0800","C":"comsumer/main.go:105","M":"v3","v value":"{\"uid\":16,\"cid\":19,\"timestamp\":1761824212,\"msg\":\"恭喜16打卡19成功\"}"}
{"L":"INFO","T":"2025-10-30T20:16:31.748+0800","C":"comsumer/main.go:105","M":"v3","v value":"{\"uid\":16,\"cid\":19,\"timestamp\":1761824212,\"msg\":\"恭喜16打卡19成功\"}"}
{"L":"INFO","T":"2025-10-30T20:16:31.748+0800","C":"comsumer/main.go:88","M":"v1","v value":"{\"uid\":16,\"cid\":19,\"timestamp\":1761824212,\"msg\":\"恭喜16打卡19成功\"}"}
{"L":"INFO","T":"2025-10-30T20:16:31.748+0800","C":"comsumer/main.go:97","M":"v2","v value":"{\"uid\":16,\"cid\":19,\"timestamp\":1761824212,\"msg\":\"恭喜16打卡19成功\"}"}
{"L":"INFO","T":"2025-10-30T20:16:31.748+0800","C":"comsumer/main.go:105","M":"v3","v value":"{\"uid\":16,\"cid\":19,\"timestamp\":1761824212,\"msg\":\"恭喜16打卡19成功\"}"}
{"L":"INFO","T":"2025-10-30T20:16:31.748+0800","C":"comsumer/main.go:105","M":"v3","v value":"{\"uid\":16,\"cid\":19,\"timestamp\":1761824212,\"msg\":\"恭喜16打卡19成功\"}"}
{"L":"INFO","T":"2025-10-30T20:16:31.748+0800","C":"comsumer/main.go:88","M":"v1","v value":"{\"uid\":16,\"cid\":19,\"timestamp\":1761824212,\"msg\":\"恭喜16打卡19成功\"}"}
{"L":"INFO","T":"2025-10-30T20:16:31.748+0800","C":"comsumer/main.go:97","M":"v2","v value":"{\"uid\":16,\"cid\":19,\"timestamp\":1761824212,\"msg\":\"恭喜16打卡19成功\"}"}
{"L":"INFO","T":"2025-10-30T20:16:31.748+0800","C":"comsumer/main.go:88","M":"v1","v value":"{\"uid\":16,\"cid\":19,\"timestamp\":1761824667,\"msg\":\"恭喜16打卡19成功\"}"}
{"L":"INFO","T":"2025-10-30T20:16:31.748+0800","C":"comsumer/main.go:97","M":"v2","v value":"{\"uid\":16,\"cid\":19,\"timestamp\":1761824667,\"msg\":\"恭喜16打卡19成功\"}"}
{"L":"INFO","T":"2025-10-30T20:16:31.748+0800","C":"comsumer/main.go:88","M":"v1","v value":"{\"uid\":16,\"cid\":19,\"timestamp\":1761824667,\"msg\":\"恭喜16打卡19成功\"}"}
{"L":"INFO","T":"2025-10-30T20:16:31.748+0800","C":"comsumer/main.go:97","M":"v2","v value":"{\"uid\":16,\"cid\":19,\"timestamp\":1761824667,\"msg\":\"恭喜16打卡19成功\"}"}
{"L":"INFO","T":"2025-10-30T20:16:31.748+0800","C":"comsumer/main.go:88","M":"v1","v value":"{\"uid\":16,\"cid\":19,\"timestamp\":1761824667,\"msg\":\"恭喜16打卡19成功\"}"}
{"L":"INFO","T":"2025-10-30T20:16:31.748+0800","C":"comsumer/main.go:97","M":"v2","v value":"{\"uid\":16,\"cid\":19,\"timestamp\":1761824667,\"msg\":\"恭喜16打卡19成功\"}"}
{"L":"INFO","T":"2025-10-30T20:16:31.748+0800","C":"comsumer/main.go:88","M":"v1","v value":"{\"uid\":16,\"cid\":19,\"timestamp\":1761824667,\"msg\":\"恭喜16打卡19成功\"}"}
{"L":"INFO","T":"2025-10-30T20:16:31.748+0800","C":"comsumer/main.go:97","M":"v2","v value":"{\"uid\":16,\"cid\":19,\"timestamp\":1761824667,\"msg\":\"恭喜16打卡19成功\"}"}
{"L":"INFO","T":"2025-10-30T20:16:31.748+0800","C":"comsumer/main.go:88","M":"v1","v value":"{\"uid\":16,\"cid\":19,\"timestamp\":1761824667,\"msg\":\"恭喜16打卡19成功\"}"}
{"L":"INFO","T":"2025-10-30T20:16:31.748+0800","C":"comsumer/main.go:97","M":"v2","v value":"{\"uid\":16,\"cid\":19,\"timestamp\":1761824667,\"msg\":\"恭喜16打卡19成功\"}"}
{"L":"INFO","T":"2025-10-30T20:16:31.748+0800","C":"comsumer/main.go:88","M":"v1","v value":"{\"uid\":0,\"cid\":0,\"timestamp\":1761826591,\"msg\":\"恭喜用户1参与打卡1成功\"}"}
{"L":"INFO","T":"2025-10-30T20:16:31.748+0800","C":"comsumer/main.go:105","M":"v3","v value":"{\"uid\":16,\"cid\":19,\"timestamp\":1761824212,\"msg\":\"恭喜16打卡19成功\"}"}
{"L":"DEBUG","T":"2025-10-30T20:16:32.695+0800","C":"comsumer/main.go:56","M":"ProducerSend","partition":0,"offset":51}
{"L":"INFO","T":"2025-10-30T20:16:32.695+0800","C":"comsumer/main.go:97","M":"v2","v value":"{\"uid\":0,\"cid\":0,\"timestamp\":1761826591,\"msg\":\"恭喜用户1参与打卡1成功\"}"}
{"L":"DEBUG","T":"2025-10-30T20:16:33.698+0800","C":"comsumer/main.go:56","M":"ProducerSend","partition":0,"offset":52}
{"L":"INFO","T":"2025-10-30T20:16:33.699+0800","C":"comsumer/main.go:88","M":"v1","v value":"{\"uid\":0,\"cid\":0,\"timestamp\":1761826591,\"msg\":\"恭喜用户1参与打卡1成功\"}"}
{"L":"DEBUG","T":"2025-10-30T20:16:34.701+0800","C":"comsumer/main.go:56","M":"ProducerSend","partition":0,"offset":53}
{"L":"INFO","T":"2025-10-30T20:16:34.702+0800","C":"comsumer/main.go:105","M":"v3","v value":"{\"uid\":0,\"cid\":0,\"timestamp\":1761826591,\"msg\":\"恭喜用户1参与打卡1成功\"}"}
{"L":"DEBUG","T":"2025-10-30T20:16:35.702+0800","C":"comsumer/main.go:56","M":"ProducerSend","partition":0,"offset":54}
{"L":"INFO","T":"2025-10-30T20:16:35.704+0800","C":"comsumer/main.go:97","M":"v2","v value":"{\"uid\":0,\"cid\":0,\"timestamp\":1761826591,\"msg\":\"恭喜用户1参与打卡1成功\"}"}
{"L":"DEBUG","T":"2025-10-30T20:16:36.708+0800","C":"comsumer/main.go:56","M":"ProducerSend","partition":0,"offset":55}
{"L":"INFO","T":"2025-10-30T20:16:36.710+0800","C":"comsumer/main.go:88","M":"v1","v value":"{\"uid\":0,\"cid\":0,\"timestamp\":1761826591,\"msg\":\"恭喜用户1参与打卡1成功\"}"}
{"L":"DEBUG","T":"2025-10-30T20:16:37.711+0800","C":"comsumer/main.go:56","M":"ProducerSend","partition":0,"offset":56}
{"L":"INFO","T":"2025-10-30T20:16:37.711+0800","C":"comsumer/main.go:105","M":"v3","v value":"{\"uid\":0,\"cid\":0,\"timestamp\":1761826591,\"msg\":\"恭喜用户1参与打卡1成功\"}"}
{"L":"DEBUG","T":"2025-10-30T20:16:38.716+0800","C":"comsumer/main.go:56","M":"ProducerSend","partition":0,"offset":57}
{"L":"INFO","T":"2025-10-30T20:16:38.717+0800","C":"comsumer/main.go:97","M":"v2","v value":"{\"uid\":0,\"cid\":0,\"timestamp\":1761826591,\"msg\":\"恭喜用户1参与打卡1成功\"}"}
{"L":"DEBUG","T":"2025-10-30T20:16:39.717+0800","C":"comsumer/main.go:56","M":"ProducerSend","partition":0,"offset":58}
{"L":"INFO","T":"2025-10-30T20:16:39.723+0800","C":"comsumer/main.go:88","M":"v1","v value":"{\"uid\":0,\"cid\":0,\"timestamp\":1761826591,\"msg\":\"恭喜用户1参与打卡1成功\"}"}
{"L":"DEBUG","T":"2025-10-30T20:16:40.724+0800","C":"comsumer/main.go:56","M":"ProducerSend","partition":0,"offset":59}
{"L":"INFO","T":"2025-10-30T20:16:40.725+0800","C":"comsumer/main.go:105","M":"v3","v value":"{\"uid\":0,\"cid\":0,\"timestamp\":1761826591,\"msg\":\"恭喜用户1参与打卡1成功\"}"}
{"L":"INFO","T":"2025-10-30T20:24:11.934+0800","C":"comsumer/main.go:97","M":"v2","v value":"{\"uid\":0,\"cid\":0,\"timestamp\":1761827051,\"msg\":\"恭喜用户1参与打卡1成功\"}"}
{"L":"DEBUG","T":"2025-10-30T20:24:11.932+0800","C":"comsumer/main.go:56","M":"ProducerSend","partition":0,"offset":60}
{"L":"DEBUG","T":"2025-10-30T20:24:12.952+0800","C":"comsumer/main.go:56","M":"ProducerSend","partition":0,"offset":61}
{"L":"INFO","T":"2025-10-30T20:24:12.952+0800","C":"comsumer/main.go:88","M":"v1","v value":"{\"uid\":0,\"cid\":0,\"timestamp\":1761827051,\"msg\":\"恭喜用户1参与打卡1成功\"}"}
{"L":"DEBUG","T":"2025-10-30T20:24:13.955+0800","C":"comsumer/main.go:56","M":"ProducerSend","partition":0,"offset":62}
{"L":"INFO","T":"2025-10-30T20:24:13.956+0800","C":"comsumer/main.go:105","M":"v3","v value":"{\"uid\":0,\"cid\":0,\"timestamp\":1761827051,\"msg\":\"恭喜用户1参与打卡1成功\"}"}
{"L":"DEBUG","T":"2025-10-30T20:24:14.956+0800","C":"comsumer/main.go:56","M":"ProducerSend","partition":0,"offset":63}
{"L":"INFO","T":"2025-10-30T20:24:14.959+0800","C":"comsumer/main.go:97","M":"v2","v value":"{\"uid\":0,\"cid\":0,\"timestamp\":1761827051,\"msg\":\"恭喜用户1参与打卡1成功\"}"}
{"L":"DEBUG","T":"2025-10-30T20:24:15.961+0800","C":"comsumer/main.go:56","M":"ProducerSend","partition":0,"offset":64}
{"L":"INFO","T":"2025-10-30T20:24:15.961+0800","C":"comsumer/main.go:88","M":"v1","v value":"{\"uid\":0,\"cid\":0,\"timestamp\":1761827051,\"msg\":\"恭喜用户1参与打卡1成功\"}"}
{"L":"DEBUG","T":"2025-10-30T20:24:16.964+0800","C":"comsumer/main.go:56","M":"ProducerSend","partition":0,"offset":65}
{"L":"INFO","T":"2025-10-30T20:24:16.965+0800","C":"comsumer/main.go:105","M":"v3","v value":"{\"uid\":0,\"cid\":0,\"timestamp\":1761827051,\"msg\":\"恭喜用户1参与打卡1成功\"}"}
{"L":"DEBUG","T":"2025-10-30T20:24:17.968+0800","C":"comsumer/main.go:56","M":"ProducerSend","partition":0,"offset":66}
{"L":"INFO","T":"2025-10-30T20:24:17.969+0800","C":"comsumer/main.go:97","M":"v2","v value":"{\"uid\":0,\"cid\":0,\"timestamp\":1761827051,\"msg\":\"恭喜用户1参与打卡1成功\"}"}
{"L":"DEBUG","T":"2025-10-30T20:24:18.970+0800","C":"comsumer/main.go:56","M":"ProducerSend","partition":0,"offset":67}
{"L":"INFO","T":"2025-10-30T20:24:18.971+0800","C":"comsumer/main.go:88","M":"v1","v value":"{\"uid\":0,\"cid\":0,\"timestamp\":1761827051,\"msg\":\"恭喜用户1参与打卡1成功\"}"}
{"L":"DEBUG","T":"2025-10-30T20:24:19.974+0800","C":"comsumer/main.go:56","M":"ProducerSend","partition":0,"offset":68}
{"L":"INFO","T":"2025-10-30T20:24:19.974+0800","C":"comsumer/main.go:105","M":"v3","v value":"{\"uid\":0,\"cid\":0,\"timestamp\":1761827051,\"msg\":\"恭喜用户1参与打卡1成功\"}"}
{"L":"DEBUG","T":"2025-10-30T20:24:20.976+0800","C":"comsumer/main.go:56","M":"ProducerSend","partition":0,"offset":69}
{"L":"INFO","T":"2025-10-30T20:24:20.976+0800","C":"comsumer/main.go:97","M":"v2","v value":"{\"uid\":0,\"cid\":0,\"timestamp\":1761827051,\"msg\":\"恭喜用户1参与打卡1成功\"}"}
{"L":"DEBUG","T":"2025-10-30T20:25:36.344+0800","C":"comsumer/main.go:56","M":"ProducerSend","partition":0,"offset":70}
{"L":"DEBUG","T":"2025-10-30T20:25:37.364+0800","C":"comsumer/main.go:56","M":"ProducerSend","partition":0,"offset":71}
{"L":"DEBUG","T":"2025-10-30T20:25:38.369+0800","C":"comsumer/main.go:56","M":"ProducerSend","partition":0,"offset":72}
{"L":"DEBUG","T":"2025-10-30T20:25:39.371+0800","C":"comsumer/main.go:56","M":"ProducerSend","partition":0,"offset":73}
{"L":"DEBUG","T":"2025-10-30T20:25:40.375+0800","C":"comsumer/main.go:56","M":"ProducerSend","partition":0,"offset":74}
{"L":"INFO","T":"2025-10-30T20:25:41.328+0800","C":"comsumer/main.go:97","M":"v2","v value":"{\"uid\":0,\"cid\":0,\"timestamp\":1761827136,\"msg\":\"恭喜用户1参与打卡1成功\"}"}
{"L":"INFO","T":"2025-10-30T20:25:41.329+0800","C":"comsumer/main.go:97","M":"v2","v value":"{\"uid\":0,\"cid\":0,\"timestamp\":1761827136,\"msg\":\"恭喜用户1参与打卡1成功\"}"}
{"L":"INFO","T":"2025-10-30T20:25:41.329+0800","C":"comsumer/main.go:97","M":"v2","v value":"{\"uid\":0,\"cid\":0,\"timestamp\":1761827136,\"msg\":\"恭喜用户1参与打卡1成功\"}"}
{"L":"INFO","T":"2025-10-30T20:25:41.328+0800","C":"comsumer/main.go:105","M":"v3","v value":"{\"uid\":0,\"cid\":0,\"timestamp\":1761827136,\"msg\":\"恭喜用户1参与打卡1成功\"}"}
{"L":"INFO","T":"2025-10-30T20:25:41.329+0800","C":"comsumer/main.go:88","M":"v1","v value":"{\"uid\":0,\"cid\":0,\"timestamp\":1761827136,\"msg\":\"恭喜用户1参与打卡1成功\"}"}
{"L":"DEBUG","T":"2025-10-30T20:25:41.377+0800","C":"comsumer/main.go:56","M":"ProducerSend","partition":0,"offset":75}
{"L":"INFO","T":"2025-10-30T20:25:41.378+0800","C":"comsumer/main.go:97","M":"v2","v value":"{\"uid\":0,\"cid\":0,\"timestamp\":1761827136,\"msg\":\"恭喜用户1参与打卡1成功\"}"}
{"L":"DEBUG","T":"2025-10-30T20:25:42.380+0800","C":"comsumer/main.go:56","M":"ProducerSend","partition":0,"offset":76}
{"L":"INFO","T":"2025-10-30T20:25:42.381+0800","C":"comsumer/main.go:105","M":"v3","v value":"{\"uid\":0,\"cid\":0,\"timestamp\":1761827136,\"msg\":\"恭喜用户1参与打卡1成功\"}"}
{"L":"DEBUG","T":"2025-10-30T20:25:43.383+0800","C":"comsumer/main.go:56","M":"ProducerSend","partition":0,"offset":77}
{"L":"INFO","T":"2025-10-30T20:25:43.384+0800","C":"comsumer/main.go:88","M":"v1","v value":"{\"uid\":0,\"cid\":0,\"timestamp\":1761827136,\"msg\":\"恭喜用户1参与打卡1成功\"}"}
{"L":"DEBUG","T":"2025-10-30T20:25:44.386+0800","C":"comsumer/main.go:56","M":"ProducerSend","partition":0,"offset":78}
{"L":"INFO","T":"2025-10-30T20:25:44.386+0800","C":"comsumer/main.go:97","M":"v2","v value":"{\"uid\":0,\"cid\":0,\"timestamp\":1761827136,\"msg\":\"恭喜用户1参与打卡1成功\"}"}
{"L":"DEBUG","T":"2025-10-30T20:25:45.389+0800","C":"comsumer/main.go:56","M":"ProducerSend","partition":0,"offset":79}
{"L":"INFO","T":"2025-10-30T20:25:45.389+0800","C":"comsumer/main.go:105","M":"v3","v value":"{\"uid\":0,\"cid\":0,\"timestamp\":1761827136,\"msg\":\"恭喜用户1参与打卡1成功\"}"}
{"L":"INFO","T":"2025-10-30T20:25:52.312+0800","C":"comsumer/main.go:124","M":"sigChan:","sigChan":"获得信号interrupt"}
{"L":"ERROR","T":"2025-10-30T20:25:52.593+0800","C":"comsumer/main.go:115","M":"Consume err","error":"kafka: tried to use a consumer group that was closed","S":"main.main.func6\n\tC:/goproject/src/mygo5/internal/app/comsumer/main.go:115"}
{"L":"INFO","T":"2025-10-31T21:27:01.547+0800","C":"comsumer/main.go:122","M":"v2","v value":{"uid":16,"cid":19,"timestamp":1761915148,"msg":"恭喜16打卡19成功"}}
{"L":"INFO","T":"2025-10-31T21:27:01.547+0800","C":"comsumer/main.go:106","M":"v1","v value":{"uid":16,"cid":19,"timestamp":1761915148,"msg":"恭喜16打卡19成功"}}
{"L":"INFO","T":"2025-10-31T21:27:01.547+0800","C":"comsumer/main.go:136","M":"v3","v value":{"uid":16,"cid":19,"timestamp":1761915148,"msg":"恭喜16打卡19成功"}}
{"L":"INFO","T":"2025-10-31T21:27:01.563+0800","C":"comsumer/main.go:106","M":"v1","v value":{"uid":16,"cid":19,"timestamp":1761915148,"msg":"恭喜16打卡19成功"}}
{"L":"INFO","T":"2025-10-31T21:27:01.563+0800","C":"comsumer/main.go:136","M":"v3","v value":{"uid":16,"cid":19,"timestamp":1761915148,"msg":"恭喜16打卡19成功"}}
{"L":"INFO","T":"2025-10-31T21:27:01.563+0800","C":"comsumer/main.go:106","M":"v1","v value":{"uid":16,"cid":19,"timestamp":1761915148,"msg":"恭喜16打卡19成功"}}
{"L":"INFO","T":"2025-10-31T21:27:01.563+0800","C":"comsumer/main.go:136","M":"v3","v value":{"uid":16,"cid":19,"timestamp":1761915148,"msg":"恭喜16打卡19成功"}}
{"L":"INFO","T":"2025-10-31T21:27:01.563+0800","C":"comsumer/main.go:122","M":"v2","v value":{"uid":16,"cid":19,"timestamp":1761915148,"msg":"恭喜16打卡19成功"}}
{"L":"INFO","T":"2025-10-31T21:27:01.563+0800","C":"comsumer/main.go:106","M":"v1","v value":{"uid":16,"cid":19,"timestamp":1761915148,"msg":"恭喜16打卡19成功"}}
{"L":"INFO","T":"2025-10-31T21:27:01.563+0800","C":"comsumer/main.go:106","M":"v1","v value":{"uid":15,"cid":19,"timestamp":1761915176,"msg":"恭喜15打卡19成功"}}
{"L":"INFO","T":"2025-10-31T21:27:01.563+0800","C":"comsumer/main.go:106","M":"v1","v value":{"uid":15,"cid":19,"timestamp":1761915176,"msg":"恭喜15打卡19成功"}}
{"L":"INFO","T":"2025-10-31T21:27:01.563+0800","C":"comsumer/main.go:122","M":"v2","v value":{"uid":15,"cid":19,"timestamp":1761915176,"msg":"恭喜15打卡19成功"}}
{"L":"INFO","T":"2025-10-31T21:27:01.563+0800","C":"comsumer/main.go:106","M":"v1","v value":{"uid":15,"cid":19,"timestamp":1761915176,"msg":"恭喜15打卡19成功"}}
{"L":"INFO","T":"2025-10-31T21:27:01.563+0800","C":"comsumer/main.go:122","M":"v2","v value":{"uid":15,"cid":19,"timestamp":1761915176,"msg":"恭喜15打卡19成功"}}
{"L":"INFO","T":"2025-10-31T21:27:01.563+0800","C":"comsumer/main.go:136","M":"v3","v value":{"uid":16,"cid":19,"timestamp":1761915148,"msg":"恭喜16打卡19成功"}}
{"L":"INFO","T":"2025-10-31T21:27:01.563+0800","C":"comsumer/main.go:122","M":"v2","v value":{"uid":15,"cid":19,"timestamp":1761915176,"msg":"恭喜15打卡19成功"}}
{"L":"INFO","T":"2025-10-31T21:27:01.563+0800","C":"comsumer/main.go:106","M":"v1","v value":{"uid":15,"cid":19,"timestamp":1761915176,"msg":"恭喜15打卡19成功"}}
{"L":"INFO","T":"2025-10-31T21:27:01.563+0800","C":"comsumer/main.go:136","M":"v3","v value":{"uid":15,"cid":19,"timestamp":1761915176,"msg":"恭喜15打卡19成功"}}
{"L":"INFO","T":"2025-10-31T21:27:01.563+0800","C":"comsumer/main.go:106","M":"v1","v value":{"uid":15,"cid":19,"timestamp":1761915176,"msg":"恭喜15打卡19成功"}}
{"L":"INFO","T":"2025-10-31T21:27:01.563+0800","C":"comsumer/main.go:136","M":"v3","v value":{"uid":16,"cid":19,"timestamp":1761915264,"msg":"恭喜16打卡19成功"}}
{"L":"INFO","T":"2025-10-31T21:27:01.563+0800","C":"comsumer/main.go:106","M":"v1","v value":{"uid":16,"cid":19,"timestamp":1761915264,"msg":"恭喜16打卡19成功"}}
{"L":"INFO","T":"2025-10-31T21:27:01.563+0800","C":"comsumer/main.go:136","M":"v3","v value":{"uid":16,"cid":19,"timestamp":1761915264,"msg":"恭喜16打卡19成功"}}
{"L":"INFO","T":"2025-10-31T21:27:01.563+0800","C":"comsumer/main.go:122","M":"v2","v value":{"uid":15,"cid":19,"timestamp":1761915176,"msg":"恭喜15打卡19成功"}}
{"L":"INFO","T":"2025-10-31T21:27:01.563+0800","C":"comsumer/main.go:106","M":"v1","v value":{"uid":16,"cid":19,"timestamp":1761915264,"msg":"恭喜16打卡19成功"}}
{"L":"INFO","T":"2025-10-31T21:27:01.563+0800","C":"comsumer/main.go:136","M":"v3","v value":{"uid":16,"cid":19,"timestamp":1761915264,"msg":"恭喜16打卡19成功"}}
{"L":"INFO","T":"2025-10-31T21:27:01.563+0800","C":"comsumer/main.go:106","M":"v1","v value":{"uid":16,"cid":19,"timestamp":1761915264,"msg":"恭喜16打卡19成功"}}
{"L":"INFO","T":"2025-10-31T21:27:01.563+0800","C":"comsumer/main.go:122","M":"v2","v value":{"uid":16,"cid":19,"timestamp":1761915264,"msg":"恭喜16打卡19成功"}}
{"L":"INFO","T":"2025-10-31T21:27:01.563+0800","C":"comsumer/main.go:106","M":"v1","v value":{"uid":16,"cid":19,"timestamp":1761915264,"msg":"恭喜16打卡19成功"}}
{"L":"INFO","T":"2025-10-31T21:27:01.563+0800","C":"comsumer/main.go:136","M":"v3","v value":{"uid":16,"cid":19,"timestamp":1761915264,"msg":"恭喜16打卡19成功"}}
{"L":"INFO","T":"2025-10-31T21:27:01.563+0800","C":"comsumer/main.go:106","M":"v1","v value":{"uid":16,"cid":19,"timestamp":1761915390,"msg":"恭喜16打卡19成功"}}
{"L":"INFO","T":"2025-10-31T21:27:01.563+0800","C":"comsumer/main.go:122","M":"v2","v value":{"uid":16,"cid":19,"timestamp":1761915264,"msg":"恭喜16打卡19成功"}}
{"L":"INFO","T":"2025-10-31T21:27:01.563+0800","C":"comsumer/main.go:106","M":"v1","v value":{"uid":16,"cid":19,"timestamp":1761915390,"msg":"恭喜16打卡19成功"}}
{"L":"INFO","T":"2025-10-31T21:27:01.563+0800","C":"comsumer/main.go:122","M":"v2","v value":{"uid":16,"cid":19,"timestamp":1761915390,"msg":"恭喜16打卡19成功"}}
{"L":"INFO","T":"2025-10-31T21:27:01.563+0800","C":"comsumer/main.go:106","M":"v1","v value":{"uid":16,"cid":19,"timestamp":1761915390,"msg":"恭喜16打卡19成功"}}
{"L":"INFO","T":"2025-10-31T21:27:01.563+0800","C":"comsumer/main.go:122","M":"v2","v value":{"uid":16,"cid":19,"timestamp":1761915390,"msg":"恭喜16打卡19成功"}}
{"L":"INFO","T":"2025-10-31T21:27:01.563+0800","C":"comsumer/main.go:106","M":"v1","v value":{"uid":16,"cid":19,"timestamp":1761915390,"msg":"恭喜16打卡19成功"}}
{"L":"INFO","T":"2025-10-31T21:27:01.563+0800","C":"comsumer/main.go:136","M":"v3","v value":{"uid":16,"cid":19,"timestamp":1761915390,"msg":"恭喜16打卡19成功"}}
{"L":"INFO","T":"2025-10-31T21:27:01.563+0800","C":"comsumer/main.go:122","M":"v2","v value":{"uid":16,"cid":19,"timestamp":1761915390,"msg":"恭喜16打卡19成功"}}
{"L":"INFO","T":"2025-10-31T21:27:01.563+0800","C":"comsumer/main.go:106","M":"v1","v value":{"uid":16,"cid":19,"timestamp":1761915390,"msg":"恭喜16打卡19成功"}}
{"L":"INFO","T":"2025-10-31T21:27:01.563+0800","C":"comsumer/main.go:136","M":"v3","v value":{"uid":16,"cid":19,"timestamp":1761915390,"msg":"恭喜16打卡19成功"}}
{"L":"DEBUG","T":"2025-10-31T21:52:27.271+0800","C":"comsumer/main.go:60","M":"ProducerSend","partition":0,"offset":40}
{"L":"INFO","T":"2025-10-31T21:52:27.388+0800","C":"comsumer/main.go:98","M":"v1","v value":{"uid":18,"cid":16,"timestamp":1761918747,"msg":"恭喜18参与打卡16成功"}}
{"L":"DEBUG","T":"2025-10-31T21:52:28.325+0800","C":"comsumer/main.go:60","M":"ProducerSend","partition":0,"offset":41}
{"L":"INFO","T":"2025-10-31T21:52:28.326+0800","C":"comsumer/main.go:114","M":"v2","v value":{"uid":18,"cid":16,"timestamp":1761918747,"msg":"恭喜18参与打卡16成功"}}
{"L":"DEBUG","T":"2025-10-31T21:52:29.327+0800","C":"comsumer/main.go:60","M":"ProducerSend","partition":0,"offset":42}
{"L":"INFO","T":"2025-10-31T21:52:29.328+0800","C":"comsumer/main.go:128","M":"v3","v value":{"uid":18,"cid":16,"timestamp":1761918747,"msg":"恭喜18参与打卡16成功"}}
{"L":"DEBUG","T":"2025-10-31T21:52:30.332+0800","C":"comsumer/main.go:60","M":"ProducerSend","partition":0,"offset":43}
{"L":"INFO","T":"2025-10-31T21:52:30.332+0800","C":"comsumer/main.go:98","M":"v1","v value":{"uid":18,"cid":16,"timestamp":1761918747,"msg":"恭喜18参与打卡16成功"}}
{"L":"DEBUG","T":"2025-10-31T21:52:31.336+0800","C":"comsumer/main.go:60","M":"ProducerSend","partition":0,"offset":44}
{"L":"INFO","T":"2025-10-31T21:52:31.337+0800","C":"comsumer/main.go:114","M":"v2","v value":{"uid":18,"cid":16,"timestamp":1761918747,"msg":"恭喜18参与打卡16成功"}}
{"L":"DEBUG","T":"2025-10-31T21:52:32.338+0800","C":"comsumer/main.go:60","M":"ProducerSend","partition":0,"offset":45}
{"L":"INFO","T":"2025-10-31T21:52:32.338+0800","C":"comsumer/main.go:128","M":"v3","v value":{"uid":18,"cid":16,"timestamp":1761918747,"msg":"恭喜18参与打卡16成功"}}
{"L":"DEBUG","T":"2025-10-31T21:52:33.340+0800","C":"comsumer/main.go:60","M":"ProducerSend","partition":0,"offset":46}
{"L":"INFO","T":"2025-10-31T21:52:33.340+0800","C":"comsumer/main.go:98","M":"v1","v value":{"uid":18,"cid":16,"timestamp":1761918747,"msg":"恭喜18参与打卡16成功"}}
{"L":"DEBUG","T":"2025-10-31T21:52:34.343+0800","C":"comsumer/main.go:60","M":"ProducerSend","partition":0,"offset":47}
{"L":"INFO","T":"2025-10-31T21:52:34.343+0800","C":"comsumer/main.go:114","M":"v2","v value":{"uid":18,"cid":16,"timestamp":1761918747,"msg":"恭喜18参与打卡16成功"}}
{"L":"DEBUG","T":"2025-10-31T21:52:35.345+0800","C":"comsumer/main.go:60","M":"ProducerSend","partition":0,"offset":48}
{"L":"INFO","T":"2025-10-31T21:52:35.345+0800","C":"comsumer/main.go:128","M":"v3","v value":{"uid":18,"cid":16,"timestamp":1761918747,"msg":"恭喜18参与打卡16成功"}}
{"L":"DEBUG","T":"2025-10-31T21:52:36.347+0800","C":"comsumer/main.go:60","M":"ProducerSend","partition":0,"offset":49}
{"L":"INFO","T":"2025-10-31T21:52:36.347+0800","C":"comsumer/main.go:98","M":"v1","v value":{"uid":18,"cid":16,"timestamp":1761918747,"msg":"恭喜18参与打卡16成功"}}
{"L":"DEBUG","T":"2025-10-31T21:52:37.351+0800","C":"comsumer/main.go:60","M":"ProducerSend","partition":0,"offset":50}
{"L":"INFO","T":"2025-10-31T21:52:37.351+0800","C":"comsumer/main.go:114","M":"v2","v value":{"uid":18,"cid":16,"timestamp":1761918747,"msg":"恭喜18参与打卡16成功"}}
{"L":"DEBUG","T":"2025-10-31T21:52:38.354+0800","C":"comsumer/main.go:60","M":"ProducerSend","partition":0,"offset":51}
{"L":"INFO","T":"2025-10-31T21:52:38.356+0800","C":"comsumer/main.go:128","M":"v3","v value":{"uid":18,"cid":16,"timestamp":1761918747,"msg":"恭喜18参与打卡16成功"}}
{"L":"DEBUG","T":"2025-10-31T21:52:39.359+0800","C":"comsumer/main.go:60","M":"ProducerSend","partition":0,"offset":52}
{"L":"INFO","T":"2025-10-31T21:52:39.360+0800","C":"comsumer/main.go:98","M":"v1","v value":{"uid":18,"cid":16,"timestamp":1761918747,"msg":"恭喜18参与打卡16成功"}}
{"L":"DEBUG","T":"2025-10-31T21:52:40.362+0800","C":"comsumer/main.go:60","M":"ProducerSend","partition":0,"offset":53}
{"L":"INFO","T":"2025-10-31T21:52:40.362+0800","C":"comsumer/main.go:114","M":"v2","v value":{"uid":18,"cid":16,"timestamp":1761918747,"msg":"恭喜18参与打卡16成功"}}
{"L":"DEBUG","T":"2025-10-31T21:52:41.366+0800","C":"comsumer/main.go:60","M":"ProducerSend","partition":0,"offset":54}
{"L":"INFO","T":"2025-10-31T21:52:41.367+0800","C":"comsumer/main.go:128","M":"v3","v value":{"uid":18,"cid":16,"timestamp":1761918747,"msg":"恭喜18参与打卡16成功"}}
{"L":"DEBUG","T":"2025-10-31T21:52:42.367+0800","C":"comsumer/main.go:60","M":"ProducerSend","partition":0,"offset":55}
{"L":"INFO","T":"2025-10-31T21:52:42.368+0800","C":"comsumer/main.go:98","M":"v1","v value":{"uid":18,"cid":16,"timestamp":1761918747,"msg":"恭喜18参与打卡16成功"}}
{"L":"DEBUG","T":"2025-10-31T21:52:43.371+0800","C":"comsumer/main.go:60","M":"ProducerSend","partition":0,"offset":56}
{"L":"INFO","T":"2025-10-31T21:52:43.371+0800","C":"comsumer/main.go:114","M":"v2","v value":{"uid":18,"cid":16,"timestamp":1761918747,"msg":"恭喜18参与打卡16成功"}}
{"L":"DEBUG","T":"2025-10-31T21:52:44.374+0800","C":"comsumer/main.go:60","M":"ProducerSend","partition":0,"offset":57}
{"L":"INFO","T":"2025-10-31T21:52:44.374+0800","C":"comsumer/main.go:128","M":"v3","v value":{"uid":18,"cid":16,"timestamp":1761918747,"msg":"恭喜18参与打卡16成功"}}
{"L":"DEBUG","T":"2025-10-31T21:52:45.378+0800","C":"comsumer/main.go:60","M":"ProducerSend","partition":0,"offset":58}
{"L":"INFO","T":"2025-10-31T21:52:45.378+0800","C":"comsumer/main.go:98","M":"v1","v value":{"uid":18,"cid":16,"timestamp":1761918747,"msg":"恭喜18参与打卡16成功"}}
{"L":"DEBUG","T":"2025-10-31T21:52:46.381+0800","C":"comsumer/main.go:60","M":"ProducerSend","partition":0,"offset":59}
{"L":"INFO","T":"2025-10-31T21:52:46.381+0800","C":"comsumer/main.go:114","M":"v2","v value":{"uid":18,"cid":16,"timestamp":1761918747,"msg":"恭喜18参与打卡16成功"}}
{"L":"DEBUG","T":"2025-10-31T21:52:47.384+0800","C":"comsumer/main.go:60","M":"ProducerSend","partition":0,"offset":60}
{"L":"INFO","T":"2025-10-31T21:52:47.384+0800","C":"comsumer/main.go:128","M":"v3","v value":{"uid":18,"cid":16,"timestamp":1761918747,"msg":"恭喜18参与打卡16成功"}}
{"L":"DEBUG","T":"2025-10-31T21:52:48.387+0800","C":"comsumer/main.go:60","M":"ProducerSend","partition":0,"offset":61}
{"L":"INFO","T":"2025-10-31T21:52:48.387+0800","C":"comsumer/main.go:98","M":"v1","v value":{"uid":18,"cid":16,"timestamp":1761918747,"msg":"恭喜18参与打卡16成功"}}
{"L":"DEBUG","T":"2025-10-31T21:52:49.391+0800","C":"comsumer/main.go:60","M":"ProducerSend","partition":0,"offset":62}
{"L":"INFO","T":"2025-10-31T21:52:49.392+0800","C":"comsumer/main.go:114","M":"v2","v value":{"uid":18,"cid":16,"timestamp":1761918747,"msg":"恭喜18参与打卡16成功"}}
{"L":"DEBUG","T":"2025-10-31T21:52:50.394+0800","C":"comsumer/main.go:60","M":"ProducerSend","partition":0,"offset":63}
{"L":"INFO","T":"2025-10-31T21:52:50.394+0800","C":"comsumer/main.go:128","M":"v3","v value":{"uid":18,"cid":16,"timestamp":1761918747,"msg":"恭喜18参与打卡16成功"}}
{"L":"DEBUG","T":"2025-10-31T21:52:51.395+0800","C":"comsumer/main.go:60","M":"ProducerSend","partition":0,"offset":64}
{"L":"INFO","T":"2025-10-31T21:52:51.396+0800","C":"comsumer/main.go:98","M":"v1","v value":{"uid":18,"cid":16,"timestamp":1761918747,"msg":"恭喜18参与打卡16成功"}}
{"L":"DEBUG","T":"2025-10-31T21:52:52.399+0800","C":"comsumer/main.go:60","M":"ProducerSend","partition":0,"offset":65}
{"L":"INFO","T":"2025-10-31T21:52:52.399+0800","C":"comsumer/main.go:114","M":"v2","v value":{"uid":18,"cid":16,"timestamp":1761918747,"msg":"恭喜18参与打卡16成功"}}
