{"L":"INFO","T":"2025-11-16T20:42:27.767+0800","C":"add5/main.go:45","M":"uids","uid":"1","cid":"0"}
{"L":"INFO","T":"2025-11-16T20:42:27.791+0800","C":"add5/main.go:45","M":"uids","uid":"1","cid":"0"}
{"L":"INFO","T":"2025-11-16T20:42:27.791+0800","C":"add5/main.go:45","M":"uids","uid":"1","cid":"0"}
{"L":"INFO","T":"2025-11-16T20:42:27.791+0800","C":"add5/main.go:45","M":"uids","uid":"1","cid":"0"}
{"L":"INFO","T":"2025-11-16T20:42:27.791+0800","C":"add5/main.go:45","M":"uids","uid":"1","cid":"0"}
{"L":"INFO","T":"2025-11-16T20:42:27.791+0800","C":"add5/main.go:45","M":"uids","uid":"1","cid":"0"}
{"L":"INFO","T":"2025-11-16T20:42:27.791+0800","C":"add5/main.go:45","M":"uids","uid":"1","cid":"0"}
{"L":"INFO","T":"2025-11-16T20:42:27.791+0800","C":"add5/main.go:45","M":"uids","uid":"1","cid":"0"}
{"L":"INFO","T":"2025-11-16T20:42:27.791+0800","C":"add5/main.go:45","M":"uids","uid":"1","cid":"0"}
{"L":"INFO","T":"2025-11-16T20:42:27.791+0800","C":"add5/main.go:45","M":"uids","uid":"1","cid":"0"}
{"L":"INFO","T":"2025-11-16T20:42:27.791+0800","C":"add5/main.go:45","M":"uids","uid":"1","cid":"0"}
{"L":"INFO","T":"2025-11-16T20:42:27.791+0800","C":"add5/main.go:45","M":"uids","uid":"1","cid":"0"}
{"L":"INFO","T":"2025-11-16T20:42:27.791+0800","C":"add5/main.go:45","M":"uids","uid":"1","cid":"0"}
{"L":"INFO","T":"2025-11-16T20:42:27.791+0800","C":"add5/main.go:45","M":"uids","uid":"10","cid":"0"}
{"L":"INFO","T":"2025-11-16T20:42:27.791+0800","C":"add5/main.go:45","M":"uids","uid":"10","cid":"0"}
{"L":"INFO","T":"2025-11-16T20:42:27.791+0800","C":"add5/main.go:45","M":"uids","uid":"10","cid":"0"}
{"L":"INFO","T":"2025-11-16T20:42:27.791+0800","C":"add5/main.go:45","M":"uids","uid":"10","cid":"0"}
{"L":"INFO","T":"2025-11-16T20:42:27.791+0800","C":"add5/main.go:45","M":"uids","uid":"11","cid":"0"}
{"L":"INFO","T":"2025-11-16T20:42:27.791+0800","C":"add5/main.go:45","M":"uids","uid":"11","cid":"0"}
{"L":"INFO","T":"2025-11-16T20:42:27.791+0800","C":"add5/main.go:45","M":"uids","uid":"11","cid":"0"}
{"L":"INFO","T":"2025-11-16T20:42:27.791+0800","C":"add5/main.go:45","M":"uids","uid":"14","cid":"0"}
{"L":"INFO","T":"2025-11-16T20:42:27.791+0800","C":"add5/main.go:45","M":"uids","uid":"14","cid":"0"}
{"L":"INFO","T":"2025-11-16T20:42:27.791+0800","C":"add5/main.go:45","M":"uids","uid":"14","cid":"0"}
{"L":"INFO","T":"2025-11-16T20:42:27.791+0800","C":"add5/main.go:45","M":"uids","uid":"14","cid":"0"}
{"L":"INFO","T":"2025-11-16T20:42:27.791+0800","C":"add5/main.go:45","M":"uids","uid":"15","cid":"0"}
{"L":"INFO","T":"2025-11-16T20:42:27.791+0800","C":"add5/main.go:45","M":"uids","uid":"15","cid":"0"}
{"L":"INFO","T":"2025-11-16T20:42:27.791+0800","C":"add5/main.go:45","M":"uids","uid":"15","cid":"0"}
{"L":"INFO","T":"2025-11-16T20:42:27.791+0800","C":"add5/main.go:45","M":"uids","uid":"15","cid":"0"}
{"L":"INFO","T":"2025-11-16T20:42:27.791+0800","C":"add5/main.go:45","M":"uids","uid":"15","cid":"0"}
{"L":"INFO","T":"2025-11-16T20:42:27.791+0800","C":"add5/main.go:45","M":"uids","uid":"15","cid":"0"}
{"L":"INFO","T":"2025-11-16T20:42:27.791+0800","C":"add5/main.go:45","M":"uids","uid":"16","cid":"0"}
{"L":"INFO","T":"2025-11-16T20:42:27.791+0800","C":"add5/main.go:45","M":"uids","uid":"16","cid":"0"}
{"L":"INFO","T":"2025-11-16T20:42:27.791+0800","C":"add5/main.go:45","M":"uids","uid":"16","cid":"0"}
{"L":"INFO","T":"2025-11-16T20:42:27.791+0800","C":"add5/main.go:45","M":"uids","uid":"16","cid":"0"}
{"L":"INFO","T":"2025-11-16T20:42:27.791+0800","C":"add5/main.go:45","M":"uids","uid":"16","cid":"0"}
{"L":"INFO","T":"2025-11-16T20:42:27.791+0800","C":"add5/main.go:45","M":"uids","uid":"16","cid":"0"}
{"L":"INFO","T":"2025-11-16T20:42:27.791+0800","C":"add5/main.go:45","M":"uids","uid":"16","cid":"0"}
{"L":"INFO","T":"2025-11-16T20:42:27.791+0800","C":"add5/main.go:45","M":"uids","uid":"16","cid":"0"}
{"L":"INFO","T":"2025-11-16T20:42:27.791+0800","C":"add5/main.go:45","M":"uids","uid":"16","cid":"0"}
{"L":"INFO","T":"2025-11-16T20:42:27.791+0800","C":"add5/main.go:45","M":"uids","uid":"16","cid":"0"}
{"L":"INFO","T":"2025-11-16T20:42:27.791+0800","C":"add5/main.go:45","M":"uids","uid":"16","cid":"0"}
{"L":"INFO","T":"2025-11-16T20:42:27.791+0800","C":"add5/main.go:45","M":"uids","uid":"16","cid":"0"}
{"L":"INFO","T":"2025-11-16T20:42:27.791+0800","C":"add5/main.go:45","M":"uids","uid":"16","cid":"0"}
{"L":"INFO","T":"2025-11-16T20:42:27.791+0800","C":"add5/main.go:45","M":"uids","uid":"17","cid":"0"}
{"L":"INFO","T":"2025-11-16T20:42:27.791+0800","C":"add5/main.go:45","M":"uids","uid":"17","cid":"0"}
{"L":"INFO","T":"2025-11-16T20:42:27.791+0800","C":"add5/main.go:45","M":"uids","uid":"17","cid":"0"}
{"L":"INFO","T":"2025-11-16T20:42:27.791+0800","C":"add5/main.go:45","M":"uids","uid":"17","cid":"0"}
{"L":"INFO","T":"2025-11-16T20:42:27.792+0800","C":"add5/main.go:45","M":"uids","uid":"18","cid":"0"}
{"L":"INFO","T":"2025-11-16T20:42:27.792+0800","C":"add5/main.go:45","M":"uids","uid":"18","cid":"0"}
{"L":"INFO","T":"2025-11-16T20:42:27.792+0800","C":"add5/main.go:45","M":"uids","uid":"18","cid":"0"}
{"L":"INFO","T":"2025-11-16T20:42:27.792+0800","C":"add5/main.go:45","M":"uids","uid":"19","cid":"0"}
{"L":"INFO","T":"2025-11-16T20:42:27.792+0800","C":"add5/main.go:45","M":"uids","uid":"19","cid":"0"}
{"L":"INFO","T":"2025-11-16T20:42:27.792+0800","C":"add5/main.go:45","M":"uids","uid":"19","cid":"0"}
{"L":"INFO","T":"2025-11-16T20:42:27.792+0800","C":"add5/main.go:45","M":"uids","uid":"19","cid":"0"}
{"L":"INFO","T":"2025-11-16T20:42:27.792+0800","C":"add5/main.go:45","M":"uids","uid":"19","cid":"0"}
{"L":"INFO","T":"2025-11-16T20:42:27.792+0800","C":"add5/main.go:45","M":"uids","uid":"19","cid":"0"}
{"L":"INFO","T":"2025-11-16T20:42:27.792+0800","C":"add5/main.go:45","M":"uids","uid":"19","cid":"0"}
{"L":"INFO","T":"2025-11-16T20:42:27.792+0800","C":"add5/main.go:45","M":"uids","uid":"19","cid":"0"}
{"L":"INFO","T":"2025-11-16T20:42:27.792+0800","C":"add5/main.go:45","M":"uids","uid":"20","cid":"0"}
{"L":"INFO","T":"2025-11-16T21:50:31.069+0800","C":"add5/main.go:45","M":"uids","uid":"1","cid":"1"}
{"L":"INFO","T":"2025-11-16T21:50:31.092+0800","C":"add5/main.go:45","M":"uids","uid":"1","cid":"1"}
{"L":"INFO","T":"2025-11-16T21:50:31.092+0800","C":"add5/main.go:45","M":"uids","uid":"1","cid":"1"}
{"L":"INFO","T":"2025-11-16T21:50:31.092+0800","C":"add5/main.go:45","M":"uids","uid":"1","cid":"1"}
{"L":"INFO","T":"2025-11-16T21:50:31.092+0800","C":"add5/main.go:45","M":"uids","uid":"1","cid":"6"}
{"L":"INFO","T":"2025-11-16T21:50:31.092+0800","C":"add5/main.go:45","M":"uids","uid":"1","cid":"6"}
{"L":"INFO","T":"2025-11-16T21:50:31.092+0800","C":"add5/main.go:45","M":"uids","uid":"1","cid":"7"}
{"L":"INFO","T":"2025-11-16T21:50:31.092+0800","C":"add5/main.go:45","M":"uids","uid":"1","cid":"7"}
{"L":"INFO","T":"2025-11-16T21:50:31.092+0800","C":"add5/main.go:45","M":"uids","uid":"1","cid":"8"}
{"L":"INFO","T":"2025-11-16T21:50:31.092+0800","C":"add5/main.go:45","M":"uids","uid":"1","cid":"9"}
{"L":"INFO","T":"2025-11-16T21:50:31.092+0800","C":"add5/main.go:45","M":"uids","uid":"1","cid":"10"}
{"L":"INFO","T":"2025-11-16T21:50:31.092+0800","C":"add5/main.go:45","M":"uids","uid":"1","cid":"12"}
{"L":"INFO","T":"2025-11-16T21:50:31.092+0800","C":"add5/main.go:45","M":"uids","uid":"1","cid":"13"}
{"L":"INFO","T":"2025-11-16T21:50:31.092+0800","C":"add5/main.go:45","M":"uids","uid":"10","cid":"6"}
{"L":"INFO","T":"2025-11-16T21:50:31.092+0800","C":"add5/main.go:45","M":"uids","uid":"10","cid":"7"}
{"L":"INFO","T":"2025-11-16T21:50:31.092+0800","C":"add5/main.go:45","M":"uids","uid":"10","cid":"13"}
{"L":"INFO","T":"2025-11-16T21:50:31.092+0800","C":"add5/main.go:45","M":"uids","uid":"10","cid":"16"}
{"L":"INFO","T":"2025-11-16T21:50:31.092+0800","C":"add5/main.go:45","M":"uids","uid":"11","cid":"1"}
{"L":"INFO","T":"2025-11-16T21:50:31.092+0800","C":"add5/main.go:45","M":"uids","uid":"11","cid":"6"}
{"L":"INFO","T":"2025-11-16T21:50:31.092+0800","C":"add5/main.go:45","M":"uids","uid":"11","cid":"8"}
{"L":"INFO","T":"2025-11-16T21:50:31.092+0800","C":"add5/main.go:45","M":"uids","uid":"14","cid":"1"}
{"L":"INFO","T":"2025-11-16T21:50:31.092+0800","C":"add5/main.go:45","M":"uids","uid":"14","cid":"6"}
{"L":"INFO","T":"2025-11-16T21:50:31.092+0800","C":"add5/main.go:45","M":"uids","uid":"14","cid":"9"}
{"L":"INFO","T":"2025-11-16T21:50:31.092+0800","C":"add5/main.go:45","M":"uids","uid":"14","cid":"10"}
{"L":"INFO","T":"2025-11-16T21:50:31.092+0800","C":"add5/main.go:45","M":"uids","uid":"15","cid":"1"}
{"L":"INFO","T":"2025-11-16T21:50:31.092+0800","C":"add5/main.go:45","M":"uids","uid":"15","cid":"6"}
{"L":"INFO","T":"2025-11-16T21:50:31.092+0800","C":"add5/main.go:45","M":"uids","uid":"15","cid":"7"}
{"L":"INFO","T":"2025-11-16T21:50:31.092+0800","C":"add5/main.go:45","M":"uids","uid":"15","cid":"8"}
{"L":"INFO","T":"2025-11-16T21:50:31.092+0800","C":"add5/main.go:45","M":"uids","uid":"15","cid":"9"}
{"L":"INFO","T":"2025-11-16T21:50:31.092+0800","C":"add5/main.go:45","M":"uids","uid":"15","cid":"10"}
{"L":"INFO","T":"2025-11-16T21:50:31.092+0800","C":"add5/main.go:45","M":"uids","uid":"16","cid":"1"}
{"L":"INFO","T":"2025-11-16T21:50:31.092+0800","C":"add5/main.go:45","M":"uids","uid":"16","cid":"9"}
{"L":"INFO","T":"2025-11-16T21:50:31.092+0800","C":"add5/main.go:45","M":"uids","uid":"16","cid":"10"}
{"L":"INFO","T":"2025-11-16T21:50:31.092+0800","C":"add5/main.go:45","M":"uids","uid":"16","cid":"12"}
{"L":"INFO","T":"2025-11-16T21:50:31.092+0800","C":"add5/main.go:45","M":"uids","uid":"16","cid":"13"}
{"L":"INFO","T":"2025-11-16T21:50:31.092+0800","C":"add5/main.go:45","M":"uids","uid":"16","cid":"17"}
{"L":"INFO","T":"2025-11-16T21:50:31.092+0800","C":"add5/main.go:45","M":"uids","uid":"16","cid":"18"}
{"L":"INFO","T":"2025-11-16T21:50:31.092+0800","C":"add5/main.go:45","M":"uids","uid":"16","cid":"19"}
{"L":"INFO","T":"2025-11-16T21:50:31.092+0800","C":"add5/main.go:45","M":"uids","uid":"16","cid":"19"}
{"L":"INFO","T":"2025-11-16T21:50:31.092+0800","C":"add5/main.go:45","M":"uids","uid":"16","cid":"19"}
{"L":"INFO","T":"2025-11-16T21:50:31.092+0800","C":"add5/main.go:45","M":"uids","uid":"16","cid":"19"}
{"L":"INFO","T":"2025-11-16T21:50:31.092+0800","C":"add5/main.go:45","M":"uids","uid":"16","cid":"19"}
{"L":"INFO","T":"2025-11-16T21:50:31.092+0800","C":"add5/main.go:45","M":"uids","uid":"16","cid":"21"}
{"L":"INFO","T":"2025-11-16T21:50:31.092+0800","C":"add5/main.go:45","M":"uids","uid":"17","cid":"1"}
{"L":"INFO","T":"2025-11-16T21:50:31.092+0800","C":"add5/main.go:45","M":"uids","uid":"17","cid":"9"}
{"L":"INFO","T":"2025-11-16T21:50:31.092+0800","C":"add5/main.go:45","M":"uids","uid":"17","cid":"19"}
{"L":"INFO","T":"2025-11-16T21:50:31.092+0800","C":"add5/main.go:45","M":"uids","uid":"17","cid":"19"}
{"L":"INFO","T":"2025-11-16T21:50:31.092+0800","C":"add5/main.go:45","M":"uids","uid":"18","cid":"1"}
{"L":"INFO","T":"2025-11-16T21:50:31.092+0800","C":"add5/main.go:45","M":"uids","uid":"18","cid":"9"}
{"L":"INFO","T":"2025-11-16T21:50:31.092+0800","C":"add5/main.go:45","M":"uids","uid":"18","cid":"19"}
{"L":"INFO","T":"2025-11-16T21:50:31.092+0800","C":"add5/main.go:45","M":"uids","uid":"19","cid":"1"}
{"L":"INFO","T":"2025-11-16T21:50:31.092+0800","C":"add5/main.go:45","M":"uids","uid":"19","cid":"1"}
{"L":"INFO","T":"2025-11-16T21:50:31.092+0800","C":"add5/main.go:45","M":"uids","uid":"19","cid":"1"}
{"L":"INFO","T":"2025-11-16T21:50:31.092+0800","C":"add5/main.go:45","M":"uids","uid":"19","cid":"1"}
{"L":"INFO","T":"2025-11-16T21:50:31.092+0800","C":"add5/main.go:45","M":"uids","uid":"19","cid":"1"}
{"L":"INFO","T":"2025-11-16T21:50:31.092+0800","C":"add5/main.go:45","M":"uids","uid":"19","cid":"1"}
{"L":"INFO","T":"2025-11-16T21:50:31.092+0800","C":"add5/main.go:45","M":"uids","uid":"19","cid":"10"}
{"L":"INFO","T":"2025-11-16T21:50:31.092+0800","C":"add5/main.go:45","M":"uids","uid":"19","cid":"10"}
{"L":"INFO","T":"2025-11-16T21:50:31.092+0800","C":"add5/main.go:45","M":"uids","uid":"20","cid":"7"}
{"L":"INFO","T":"2025-11-17T19:33:05.547+0800","C":"add5/main.go:37","M":"uidcid","uid":"uid","cid":"cid"}
{"L":"INFO","T":"2025-11-17T19:33:05.565+0800","C":"add5/main.go:45","M":"uidcid","uid":"1","cid":"1"}
{"L":"INFO","T":"2025-11-17T19:33:05.565+0800","C":"add5/main.go:45","M":"uidcid","uid":"1","cid":"6"}
{"L":"INFO","T":"2025-11-17T19:33:05.565+0800","C":"add5/main.go:45","M":"uidcid","uid":"1","cid":"7"}
{"L":"ERROR","T":"2025-11-17T19:33:05.565+0800","C":"add5/main.go:42","M":"ReadAll err","error":"EOF","S":"main.main\n\tC:/goproject/src/mygo5/internal/app/addmain/add5/main.go:42\nruntime.main\n\tC:/Program Files/Go/src/runtime/proc.go:283"}
{"L":"INFO","T":"2025-11-17T19:34:27.036+0800","C":"add5/main.go:37","M":"uidcid","uid":"uid","cid":"cid"}
{"L":"INFO","T":"2025-11-17T19:34:27.053+0800","C":"add5/main.go:45","M":"uidcid","uid":"1","cid":"1"}
{"L":"INFO","T":"2025-11-17T19:34:27.053+0800","C":"add5/main.go:45","M":"uidcid","uid":"1","cid":"6"}
{"L":"INFO","T":"2025-11-17T19:34:27.053+0800","C":"add5/main.go:45","M":"uidcid","uid":"1","cid":"7"}
{"L":"ERROR","T":"2025-11-17T19:34:27.053+0800","C":"add5/main.go:42","M":"ReadAll err","error":"EOF","S":"main.main\n\tC:/goproject/src/mygo5/internal/app/addmain/add5/main.go:42\nruntime.main\n\tC:/Program Files/Go/src/runtime/proc.go:283"}
{"L":"INFO","T":"2025-11-17T19:58:52.563+0800","C":"add5/main.go:41","M":"uidcid","uidcid":"uid,cid"}
{"L":"INFO","T":"2025-11-17T19:58:52.595+0800","C":"add5/main.go:41","M":"uidcid","uidcid":"1,1"}
{"L":"INFO","T":"2025-11-17T19:58:52.595+0800","C":"add5/main.go:41","M":"uidcid","uidcid":"1,6"}
{"L":"INFO","T":"2025-11-17T19:58:52.595+0800","C":"add5/main.go:41","M":"uidcid","uidcid":"1,7"}
{"L":"INFO","T":"2025-11-17T20:03:47.461+0800","C":"add5/main.go:29","M":"uidcid","uidcid":"逐行读取"}
{"L":"INFO","T":"2025-11-17T20:03:47.479+0800","C":"add5/main.go:41","M":"uidcid","uidcid":"uid\tcid"}
{"L":"INFO","T":"2025-11-17T20:03:47.479+0800","C":"add5/main.go:41","M":"uidcid","uidcid":"1\t1"}
{"L":"INFO","T":"2025-11-17T20:03:47.479+0800","C":"add5/main.go:41","M":"uidcid","uidcid":"1\t6"}
{"L":"INFO","T":"2025-11-17T20:03:47.479+0800","C":"add5/main.go:41","M":"uidcid","uidcid":"1\t7"}
{"L":"INFO","T":"2025-11-17T20:04:42.972+0800","C":"add5/main.go:29","M":"uidcid","uidcid":"逐行读取"}
{"L":"INFO","T":"2025-11-17T20:04:42.993+0800","C":"add5/main.go:35","M":"uidcid","uidcid":"uid\tcid"}
{"L":"INFO","T":"2025-11-17T20:04:42.993+0800","C":"add5/main.go:35","M":"uidcid","uidcid":"1\t1"}
{"L":"INFO","T":"2025-11-17T20:04:42.993+0800","C":"add5/main.go:35","M":"uidcid","uidcid":"1\t6"}
{"L":"INFO","T":"2025-11-17T20:04:42.993+0800","C":"add5/main.go:35","M":"uidcid","uidcid":"1\t7"}
{"L":"INFO","T":"2025-11-17T20:22:05.938+0800","C":"add5/main.go:30","M":"uidcid","uidcid":"逐行读取"}
{"L":"INFO","T":"2025-11-17T20:22:05.957+0800","C":"add5/main.go:33","M":"uidcid","uidcid":""}
{"L":"INFO","T":"2025-11-17T20:22:05.957+0800","C":"add5/main.go:46","M":"uidcid","uid":"uid","cid":"cid"}
{"L":"INFO","T":"2025-11-17T20:22:05.957+0800","C":"add5/main.go:46","M":"uidcid","uid":"1","cid":"1"}
{"L":"INFO","T":"2025-11-17T20:22:05.957+0800","C":"add5/main.go:46","M":"uidcid","uid":"1","cid":"6"}
{"L":"INFO","T":"2025-11-17T20:22:05.957+0800","C":"add5/main.go:46","M":"uidcid","uid":"1","cid":"7"}
{"L":"ERROR","T":"2025-11-17T20:22:05.957+0800","C":"add5/main.go:48","M":"Scan err","err":"读取完","S":"main.main\n\tC:/goproject/src/mygo5/internal/app/addmain/add5/main.go:48\nruntime.main\n\tC:/Program Files/Go/src/runtime/proc.go:283"}
